Component: Arm Compiler for Embedded 6.24 Tool: armlink [5f371500]

==============================================================================

Section Cross References

    core_cm3.o(.ARM.exidx.text.__get_PSP) refers to core_cm3.o(.text.__get_PSP) for [Anonymous Symbol]
    core_cm3.o(.ARM.exidx.text.__set_PSP) refers to core_cm3.o(.text.__set_PSP) for [Anonymous Symbol]
    core_cm3.o(.ARM.exidx.text.__get_MSP) refers to core_cm3.o(.text.__get_MSP) for [Anonymous Symbol]
    core_cm3.o(.ARM.exidx.text.__set_MSP) refers to core_cm3.o(.text.__set_MSP) for [Anonymous Symbol]
    core_cm3.o(.ARM.exidx.text.__get_BASEPRI) refers to core_cm3.o(.text.__get_BASEPRI) for [Anonymous Symbol]
    core_cm3.o(.ARM.exidx.text.__set_BASEPRI) refers to core_cm3.o(.text.__set_BASEPRI) for [Anonymous Symbol]
    core_cm3.o(.ARM.exidx.text.__get_PRIMASK) refers to core_cm3.o(.text.__get_PRIMASK) for [Anonymous Symbol]
    core_cm3.o(.ARM.exidx.text.__set_PRIMASK) refers to core_cm3.o(.text.__set_PRIMASK) for [Anonymous Symbol]
    core_cm3.o(.ARM.exidx.text.__get_FAULTMASK) refers to core_cm3.o(.text.__get_FAULTMASK) for [Anonymous Symbol]
    core_cm3.o(.ARM.exidx.text.__set_FAULTMASK) refers to core_cm3.o(.text.__set_FAULTMASK) for [Anonymous Symbol]
    core_cm3.o(.ARM.exidx.text.__get_CONTROL) refers to core_cm3.o(.text.__get_CONTROL) for [Anonymous Symbol]
    core_cm3.o(.ARM.exidx.text.__set_CONTROL) refers to core_cm3.o(.text.__set_CONTROL) for [Anonymous Symbol]
    core_cm3.o(.ARM.exidx.text.__REV) refers to core_cm3.o(.text.__REV) for [Anonymous Symbol]
    core_cm3.o(.ARM.exidx.text.__REV16) refers to core_cm3.o(.text.__REV16) for [Anonymous Symbol]
    core_cm3.o(.ARM.exidx.text.__REVSH) refers to core_cm3.o(.text.__REVSH) for [Anonymous Symbol]
    core_cm3.o(.ARM.exidx.text.__RBIT) refers to core_cm3.o(.text.__RBIT) for [Anonymous Symbol]
    core_cm3.o(.ARM.exidx.text.__LDREXB) refers to core_cm3.o(.text.__LDREXB) for [Anonymous Symbol]
    core_cm3.o(.ARM.exidx.text.__LDREXH) refers to core_cm3.o(.text.__LDREXH) for [Anonymous Symbol]
    core_cm3.o(.ARM.exidx.text.__LDREXW) refers to core_cm3.o(.text.__LDREXW) for [Anonymous Symbol]
    core_cm3.o(.ARM.exidx.text.__STREXB) refers to core_cm3.o(.text.__STREXB) for [Anonymous Symbol]
    core_cm3.o(.ARM.exidx.text.__STREXH) refers to core_cm3.o(.text.__STREXH) for [Anonymous Symbol]
    core_cm3.o(.ARM.exidx.text.__STREXW) refers to core_cm3.o(.text.__STREXW) for [Anonymous Symbol]
    startup_stm32f10x_md.o(STACK) refers (Special) to heapauxi.o(.text) for __use_two_region_memory
    startup_stm32f10x_md.o(HEAP) refers (Special) to heapauxi.o(.text) for __use_two_region_memory
    startup_stm32f10x_md.o(RESET) refers (Special) to heapauxi.o(.text) for __use_two_region_memory
    startup_stm32f10x_md.o(RESET) refers to startup_stm32f10x_md.o(STACK) for __initial_sp
    startup_stm32f10x_md.o(RESET) refers to startup_stm32f10x_md.o(.text) for Reset_Handler
    startup_stm32f10x_md.o(RESET) refers to stm32f10x_it.o(.text.NMI_Handler) for NMI_Handler
    startup_stm32f10x_md.o(RESET) refers to stm32f10x_it.o(.text.HardFault_Handler) for HardFault_Handler
    startup_stm32f10x_md.o(RESET) refers to stm32f10x_it.o(.text.MemManage_Handler) for MemManage_Handler
    startup_stm32f10x_md.o(RESET) refers to stm32f10x_it.o(.text.BusFault_Handler) for BusFault_Handler
    startup_stm32f10x_md.o(RESET) refers to stm32f10x_it.o(.text.UsageFault_Handler) for UsageFault_Handler
    startup_stm32f10x_md.o(RESET) refers to stm32f10x_it.o(.text.SVC_Handler) for SVC_Handler
    startup_stm32f10x_md.o(RESET) refers to stm32f10x_it.o(.text.DebugMon_Handler) for DebugMon_Handler
    startup_stm32f10x_md.o(RESET) refers to stm32f10x_it.o(.text.PendSV_Handler) for PendSV_Handler
    startup_stm32f10x_md.o(RESET) refers to stm32f10x_it.o(.text.SysTick_Handler) for SysTick_Handler
    startup_stm32f10x_md.o(RESET) refers to encoder.o(.text.EXTI0_IRQHandler) for EXTI0_IRQHandler
    startup_stm32f10x_md.o(RESET) refers to encoder.o(.text.EXTI1_IRQHandler) for EXTI1_IRQHandler
    startup_stm32f10x_md.o(.text) refers (Special) to heapauxi.o(.text) for __use_two_region_memory
    startup_stm32f10x_md.o(.text) refers to system_stm32f10x.o(.text.SystemInit) for SystemInit
    startup_stm32f10x_md.o(.text) refers to __main.o(!!!main) for __main
    startup_stm32f10x_md.o(.text) refers to startup_stm32f10x_md.o(HEAP) for Heap_Mem
    startup_stm32f10x_md.o(.text) refers to startup_stm32f10x_md.o(STACK) for Stack_Mem
    system_stm32f10x.o(.ARM.exidx.text.SystemInit) refers to system_stm32f10x.o(.text.SystemInit) for [Anonymous Symbol]
    system_stm32f10x.o(.text.SystemCoreClockUpdate) refers to system_stm32f10x.o(.data.SystemCoreClock) for SystemCoreClock
    system_stm32f10x.o(.text.SystemCoreClockUpdate) refers to system_stm32f10x.o(.rodata.AHBPrescTable) for AHBPrescTable
[...]
    Removing main.o(.text.StartPlayback), (74 bytes).
    Removing main.o(.ARM.exidx.text.StartPlayback), (8 bytes).
    Removing main.o(.text.StopRecording), (2 bytes).
    Removing main.o(.ARM.exidx.text.StopRecording), (8 bytes).
    Removing main.o(.text.StopPlayback), (18 bytes).
    Removing main.o(.ARM.exidx.text.StopPlayback), (8 bytes).
    Removing main.o(.text.SoundStop), (6 bytes).
    Removing main.o(.ARM.exidx.text.SoundStop), (8 bytes).
    Removing main.o(.text.StartRecording), (72 bytes).
    Removing main.o(.ARM.exidx.text.StartRecording), (8 bytes).
    Removing main.o(.text.DemoTick), (118 bytes).
    Removing main.o(.ARM.exidx.text.DemoTick), (8 bytes).
    Removing main.o(.text.GetFreq), (118 bytes).
    Removing main.o(.ARM.exidx.text.GetFreq), (8 bytes).
    Removing main.o(.text.SoundNote), (50 bytes).
    Removing main.o(.ARM.exidx.text.SoundNote), (8 bytes).
    Removing main.o(.text.RecordTick), (148 bytes).
    Removing main.o(.ARM.exidx.text.RecordTick), (8 bytes).
    Removing main.o(.ARM.exidx.text.PlaybackTick), (8 bytes).
    Removing main.o(.ARM.exidx.text.WS2812_SetBySum), (8 bytes).
    Removing main.o(.text.LED_Show), (52 bytes).
    Removing main.o(.ARM.exidx.text.LED_Show), (8 bytes).
    Removing main.o(.ARM.exidx.text.ShowSelScreen), (8 bytes).
    Removing main.o(.ARM.exidx.text.ShowScreen), (8 bytes).
    Removing main.o(.text.OLED_ShowChar_Simple), (78 bytes).
    Removing main.o(.ARM.exidx.text.OLED_ShowChar_Simple), (8 bytes).
    Removing main.o(.text.OLED_ShowNum_Simple), (174 bytes).
    Removing main.o(.ARM.exidx.text.OLED_ShowNum_Simple), (8 bytes).
    Removing main.o(.ARM.exidx.text.WS2812_SendBit), (8 bytes).
    Removing main.o(.text.WS2812_SendByte), (28 bytes).
    Removing main.o(.ARM.exidx.text.WS2812_SendByte), (8 bytes).
    Removing main.o(.bss.rec_timer), (2 bytes).
    Removing main.o(.ARM.use_no_argv), (4 bytes).
    Removing stm32f10x_it.o(.text), (0 bytes).
    Removing stm32f10x_it.o(.ARM.exidx.text.NMI_Handler), (8 bytes).
    Removing stm32f10x_it.o(.ARM.exidx.text.HardFault_Handler), (8 bytes).
    Removing stm32f10x_it.o(.ARM.exidx.text.MemManage_Handler), (8 bytes).
    Removing stm32f10x_it.o(.ARM.exidx.text.BusFault_Handler), (8 bytes).
    Removing stm32f10x_it.o(.ARM.exidx.text.UsageFault_Handler), (8 bytes).
    Removing stm32f10x_it.o(.ARM.exidx.text.SVC_Handler), (8 bytes).
    Removing stm32f10x_it.o(.ARM.exidx.text.DebugMon_Handler), (8 bytes).
    Removing stm32f10x_it.o(.ARM.exidx.text.PendSV_Handler), (8 bytes).
    Removing stm32f10x_it.o(.ARM.exidx.text.SysTick_Handler), (8 bytes).

1150 unused section(s) (total 28170 bytes) removed from the image.

==============================================================================

Image Symbol Table

    Local Symbols

    Symbol Name                              Value     Ov Type        Size  Object(Section)

    ../clib/angel/boardlib.s                 0x00000000   Number         0  boardinit1.o ABSOLUTE
    ../clib/angel/boardlib.s                 0x00000000   Number         0  boardinit2.o ABSOLUTE
    ../clib/angel/boardlib.s                 0x00000000   Number         0  boardinit3.o ABSOLUTE
    ../clib/angel/boardlib.s                 0x00000000   Number         0  boardshut.o ABSOLUTE
    ../clib/angel/handlers.s                 0x00000000   Number         0  __scatter_copy.o ABSOLUTE
    ../clib/angel/handlers.s                 0x00000000   Number         0  __scatter_zi.o ABSOLUTE
    ../clib/angel/kernel.s                   0x00000000   Number         0  __rtentry.o ABSOLUTE
    ../clib/angel/kernel.s                   0x00000000   Number         0  __rtentry2.o ABSOLUTE
    ../clib/angel/kernel.s                   0x00000000   Number         0  __rtentry4.o ABSOLUTE
    ../clib/angel/kernel.s                   0x00000000   Number         0  rtexit.o ABSOLUTE
    ../clib/angel/kernel.s                   0x00000000   Number         0  rtexit2.o ABSOLUTE
    ../clib/angel/rt.s                       0x00000000   Number         0  rt_raise.o ABSOLUTE
    ../clib/angel/scatter.s                  0x00000000   Number         0  __scatter.o ABSOLUTE
    ../clib/angel/startup.s                  0x00000000   Number         0  __main.o ABSOLUTE
    ../clib/angel/sys.s                      0x00000000   Number         0  sys_stackheap_outer.o ABSOLUTE
    ../clib/angel/sys.s                      0x00000000   Number         0  libspace.o ABSOLUTE
    ../clib/angel/sys.s                      0x00000000   Number         0  use_no_semi.o ABSOLUTE
    ../clib/angel/sys.s                      0x00000000   Number         0  indicate_semi.o ABSOLUTE
    ../clib/angel/sysapp.c                   0x00000000   Number         0  sys_exit.o ABSOLUTE
    ../clib/angel/sysapp.c                   0x00000000   Number         0  sys_exit_hlt.o ABSOLUTE
    ../clib/angel/sysapp.c                   0x00000000   Number         0  sys_command.o ABSOLUTE
    ../clib/angel/sysapp.c                   0x00000000   Number         0  sys_command_hlt.o ABSOLUTE
    ../clib/angel/sysapp.c                   0x00000000   Number         0  sys_wrch.o ABSOLUTE
    ../clib/angel/sysapp.c                   0x00000000   Number         0  sys_wrch_hlt.o ABSOLUTE
    ../clib/armsys.c                         0x00000000   Number         0  argv_veneer.o ABSOLUTE
    ../clib/armsys.c                         0x00000000   Number         0  argv_veneer.o ABSOLUTE
    ../clib/armsys.c                         0x00000000   Number         0  _get_argv_nomalloc.o ABSOLUTE
    ../clib/armsys.c                         0x00000000   Number         0  no_argv.o ABSOLUTE
    ../clib/heapalloc.c                      0x00000000   Number         0  hrguard.o ABSOLUTE
    ../clib/heapaux.c                        0x00000000   Number         0  heapauxi.o ABSOLUTE
    ../clib/libinit.s                        0x00000000   Number         0  libinit.o ABSOLUTE
    ../clib/libinit.s                        0x00000000   Number         0  libinit2.o ABSOLUTE
    ../clib/libinit.s                        0x00000000   Number         0  libshutdown.o ABSOLUTE
    ../clib/libinit.s                        0x00000000   Number         0  libshutdown2.o ABSOLUTE
    ../clib/memcpset.s                       0x00000000   Number         0  rt_memcpy_v6.o ABSOLUTE
    ../clib/memcpset.s                       0x00000000   Number         0  rt_memclr_w.o ABSOLUTE
    ../clib/memcpset.s                       0x00000000   Number         0  rt_memcpy_w.o ABSOLUTE
    ../clib/misc.s                           0x00000000   Number         0  printf_stubs.o ABSOLUTE
    ../clib/printf.c                         0x00000000   Number         0  __2sprintf.o ABSOLUTE
    ../clib/printf.c                         0x00000000   Number         0  noretval__2sprintf.o ABSOLUTE
    ../clib/printf.c                         0x00000000   Number         0  __printf.o ABSOLUTE
    ../clib/printf.c                         0x00000000   Number         0  _printf_pad.o ABSOLUTE
    ../clib/printf.c                         0x00000000   Number         0  _printf_str.o ABSOLUTE
    ../clib/printf.c                         0x00000000   Number         0  _printf_dec.o ABSOLUTE
    ../clib/printf.c                         0x00000000   Number         0  _printf_hex_ll.o ABSOLUTE
    ../clib/printf.c                         0x00000000   Number         0  _printf_hex_int.o ABSOLUTE
    ../clib/printf.c                         0x00000000   Number         0  _printf_hex_int_ll.o ABSOLUTE
    ../clib/printf.c                         0x00000000   Number         0  _printf_hex_ptr.o ABSOLUTE
    ../clib/printf.c                         0x00000000   Number         0  _printf_hex_int_ptr.o ABSOLUTE
    ../clib/printf.c                         0x00000000   Number         0  _printf_hex_ll_ptr.o ABSOLUTE
    ../clib/printf.c                         0x00000000   Number         0  _printf_hex_int_ll_ptr.o ABSOLUTE
    ../clib/printf.c                         0x00000000   Number         0  __printf_flags.o ABSOLUTE
    ../clib/printf.c                         0x00000000   Number         0  __printf_ss.o ABSOLUTE
    ../clib/printf.c                         0x00000000   Number         0  __printf_flags_ss.o ABSOLUTE
    ../clib/printf.c                         0x00000000   Number         0  __printf_wp.o ABSOLUTE
    ../clib/printf.c                         0x00000000   Number         0  __printf_flags_wp.o ABSOLUTE
    ../clib/printf.c                         0x00000000   Number         0  __printf_ss_wp.o ABSOLUTE
    ../clib/printf.c                         0x00000000   Number         0  __printf_flags_ss_wp.o ABSOLUTE
    ../clib/printf.c                         0x00000000   Number         0  _printf_intcommon.o ABSOLUTE
    ../clib/printf.c                         0x00000000   Number         0  _printf_char_common.o ABSOLUTE
    ../clib/printf.c                         0x00000000   Number         0  _sputc.o ABSOLUTE
    ../clib/printf.c                         0x00000000   Number         0  _printf_char.o ABSOLUTE
    ../clib/printf.c                         0x00000000   Number         0  __printf_nopercent.o ABSOLUTE
    ../clib/printf_percent.s                 0x00000000   Number         0  _printf_s.o ABSOLUTE
    ../clib/printf_percent.s                 0x00000000   Number         0  _printf_x.o ABSOLUTE
    ../clib/printf_percent.s                 0x00000000   Number         0  _printf_d.o ABSOLUTE
    ../clib/printf_percent.s                 0x00000000   Number         0  _printf_percent.o ABSOLUTE
    ../clib/printf_percent.s                 0x00000000   Number         0  _printf_percent_end.o ABSOLUTE
    ../clib/signal.c                         0x00000000   Number         0  defsig_rtmem_outer.o ABSOLUTE
    ../clib/signal.c                         0x00000000   Number         0  defsig_rtmem_formal.o ABSOLUTE
    ../clib/signal.c                         0x00000000   Number         0  defsig_exit.o ABSOLUTE
    ../clib/signal.c                         0x00000000   Number         0  defsig_rtmem_inner.o ABSOLUTE
    ../clib/signal.c                         0x00000000   Number         0  __raise.o ABSOLUTE
    ../clib/signal.c                         0x00000000   Number         0  defsig_general.o ABSOLUTE
    ../clib/signal.c                         0x00000000   Number         0  defsig_abrt_inner.o ABSOLUTE
    ../clib/signal.c                         0x00000000   Number         0  defsig_fpe_inner.o ABSOLUTE
    ../clib/signal.c                         0x00000000   Number         0  defsig_rtred_inner.o ABSOLUTE
    ../clib/signal.c                         0x00000000   Number         0  defsig_stak_inner.o ABSOLUTE
    ../clib/signal.c                         0x00000000   Number         0  defsig_pvfn_inner.o ABSOLUTE
    ../clib/signal.c                         0x00000000   Number         0  defsig_cppl_inner.o ABSOLUTE
    ../clib/signal.c                         0x00000000   Number         0  defsig_segv_inner.o ABSOLUTE
    ../clib/signal.c                         0x00000000   Number         0  defsig_other.o ABSOLUTE
    ../clib/signal.s                         0x00000000   Number         0  defsig.o ABSOLUTE
    ../clib/stdlib.c                         0x00000000   Number         0  exit.o ABSOLUTE
    ../fplib/fpinit.s                        0x00000000   Number         0  fpinit.o ABSOLUTE
    ../fplib/fpinit_empty.s                  0x00000000   Number         0  fpinit_empty.o ABSOLUTE
    AD.c                                     0x00000000   Number         0  ad.o ABSOLUTE
    Buzzer.c                                 0x00000000   Number         0  buzzer.o ABSOLUTE
    Delay.c                                  0x00000000   Number         0  delay.o ABSOLUTE
    Encoder.c                                0x00000000   Number         0  encoder.o ABSOLUTE
    JoyStick.c                               0x00000000   Number         0  joystick.o ABSOLUTE
    Key.c                                    0x00000000   Number         0  key.o ABSOLUTE
    Keyboard.c                               0x00000000   Number         0  keyboard.o ABSOLUTE
    LED.c                                    0x00000000   Number         0  led.o ABSOLUTE
    OLED.c                                   0x00000000   Number         0  oled.o ABSOLUTE
    PWM.c                                    0x00000000   Number         0  pwm.o ABSOLUTE
    Start\startup_stm32f10x_md.s             0x00000000   Number         0  startup_stm32f10x_md.o ABSOLUTE
    TouchKey.c                               0x00000000   Number         0  touchkey.o ABSOLUTE
    core_cm3.c                               0x00000000   Number         0  core_cm3.o ABSOLUTE
    dc.s                                     0x00000000   Number         0  dc.o ABSOLUTE
    main.c                                   0x00000000   Number         0  main.o ABSOLUTE
    misc.c                                   0x00000000   Number         0  misc.o ABSOLUTE
    stm32f10x_adc.c                          0x00000000   Number         0  stm32f10x_adc.o ABSOLUTE
    stm32f10x_bkp.c                          0x00000000   Number         0  stm32f10x_bkp.o ABSOLUTE
    stm32f10x_can.c                          0x00000000   Number         0  stm32f10x_can.o ABSOLUTE
    stm32f10x_cec.c                          0x00000000   Number         0  stm32f10x_cec.o ABSOLUTE
    stm32f10x_crc.c                          0x00000000   Number         0  stm32f10x_crc.o ABSOLUTE
    stm32f10x_dac.c                          0x00000000   Number         0  stm32f10x_dac.o ABSOLUTE
    stm32f10x_dbgmcu.c                       0x00000000   Number         0  stm32f10x_dbgmcu.o ABSOLUTE
    stm32f10x_dma.c                          0x00000000   Number         0  stm32f10x_dma.o ABSOLUTE
    stm32f10x_exti.c                         0x00000000   Number         0  stm32f10x_exti.o ABSOLUTE
    stm32f10x_flash.c                        0x00000000   Number         0  stm32f10x_flash.o ABSOLUTE
    stm32f10x_fsmc.c                         0x00000000   Number         0  stm32f10x_fsmc.o ABSOLUTE
    stm32f10x_gpio.c                         0x00000000   Number         0  stm32f10x_gpio.o ABSOLUTE
    stm32f10x_i2c.c                          0x00000000   Number         0  stm32f10x_i2c.o ABSOLUTE
    stm32f10x_it.c                           0x00000000   Number         0  stm32f10x_it.o ABSOLUTE
    stm32f10x_iwdg.c                         0x00000000   Number         0  stm32f10x_iwdg.o ABSOLUTE
    stm32f10x_pwr.c                          0x00000000   Number         0  stm32f10x_pwr.o ABSOLUTE
    stm32f10x_rcc.c                          0x00000000   Number         0  stm32f10x_rcc.o ABSOLUTE
    stm32f10x_rtc.c                          0x00000000   Number         0  stm32f10x_rtc.o ABSOLUTE
    stm32f10x_sdio.c                         0x00000000   Number         0  stm32f10x_sdio.o ABSOLUTE
    stm32f10x_spi.c                          0x00000000   Number         0  stm32f10x_spi.o ABSOLUTE
    stm32f10x_tim.c                          0x00000000   Number         0  stm32f10x_tim.o ABSOLUTE
    stm32f10x_usart.c                        0x00000000   Number         0  stm32f10x_usart.o ABSOLUTE
    stm32f10x_wwdg.c                         0x00000000   Number         0  stm32f10x_wwdg.o ABSOLUTE
    system_stm32f10x.c                       0x00000000   Number         0  system_stm32f10x.o ABSOLUTE
    RESET                                    0x08000000   Section      236  startup_stm32f10x_md.o(RESET)
    !!!main                                  0x080000ec   Section        8  __main.o(!!!main)
    !!!scatter                               0x080000f4   Section       92  __scatter.o(!!!scatter)
    !!handler_copy                           0x08000150   Section       26  __scatter_copy.o(!!handler_copy)
    !!handler_null                           0x0800016c   Section        2  __scatter.o(!!handler_null)
    !!handler_zi                             0x08000170   Section       28  __scatter_zi.o(!!handler_zi)
    .ARM.Collect$$_printf_percent$$00000000  0x0800018c   Section        0  _printf_percent.o(.ARM.Collect$$_printf_percent$$00000000)
    .ARM.Collect$$_printf_percent$$00000009  0x0800018c   Section        6  _printf_d.o(.ARM.Collect$$_printf_percent$$00000009)
    .ARM.Collect$$_printf_percent$$0000000C  0x08000192   Section        6  _printf_x.o(.ARM.Collect$$_printf_percent$$0000000C)
    .ARM.Collect$$_printf_percent$$00000014  0x08000198   Section        6  _printf_s.o(.ARM.Collect$$_printf_percent$$00000014)
    .ARM.Collect$$_printf_percent$$00000017  0x0800019e   Section        4  _printf_percent_end.o(.ARM.Collect$$_printf_percent$$00000017)
    .ARM.Collect$$libinit$$00000000          0x080001a2   Section        2  libinit.o(.ARM.Collect$$libinit$$00000000)
    .ARM.Collect$$libinit$$00000002          0x080001a4   Section        0  libinit2.o(.ARM.Collect$$libinit$$00000002)
    .ARM.Collect$$libinit$$00000004          0x080001a4   Section        0  libinit2.o(.ARM.Collect$$libinit$$00000004)
    .ARM.Collect$$libinit$$00000006          0x080001a4   Section        0  libinit2.o(.ARM.Collect$$libinit$$00000006)
    .ARM.Collect$$libinit$$0000000C          0x080001a4   Section        0  libinit2.o(.ARM.Collect$$libinit$$0000000C)
    .ARM.Collect$$libinit$$0000000E          0x080001a4   Section        0  libinit2.o(.ARM.Collect$$libinit$$0000000E)
    .ARM.Collect$$libinit$$00000010          0x080001a4   Section        0  libinit2.o(.ARM.Collect$$libinit$$00000010)
    .ARM.Collect$$libinit$$00000013          0x080001a4   Section        0  libinit2.o(.ARM.Collect$$libinit$$00000013)
    .ARM.Collect$$libinit$$00000015          0x080001a4   Section        0  libinit2.o(.ARM.Collect$$libinit$$00000015)
    .ARM.Collect$$libinit$$00000017          0x080001a4   Section        0  libinit2.o(.ARM.Collect$$libinit$$00000017)
    .ARM.Collect$$libinit$$00000019          0x080001a4   Section        0  libinit2.o(.ARM.Collect$$libinit$$00000019)
    .ARM.Collect$$libinit$$0000001B          0x080001a4   Section        0  libinit2.o(.ARM.Collect$$libinit$$0000001B)
    .ARM.Collect$$libinit$$0000001D          0x080001a4   Section        0  libinit2.o(.ARM.Collect$$libinit$$0000001D)
    .ARM.Collect$$libinit$$0000001F          0x080001a4   Section        0  libinit2.o(.ARM.Collect$$libinit$$0000001F)
    .ARM.Collect$$libinit$$00000021          0x080001a4   Section        0  libinit2.o(.ARM.Collect$$libinit$$00000021)
    .ARM.Collect$$libinit$$00000023          0x080001a4   Section        0  libinit2.o(.ARM.Collect$$libinit$$00000023)
    .ARM.Collect$$libinit$$00000025          0x080001a4   Section        0  libinit2.o(.ARM.Collect$$libinit$$00000025)
    .ARM.Collect$$libinit$$00000027          0x080001a4   Section        0  libinit2.o(.ARM.Collect$$libinit$$00000027)
    .ARM.Collect$$libinit$$0000002E          0x080001a4   Section        0  libinit2.o(.ARM.Collect$$libinit$$0000002E)
    .ARM.Collect$$libinit$$00000030          0x080001a4   Section        0  libinit2.o(.ARM.Collect$$libinit$$00000030)
    .ARM.Collect$$libinit$$00000032          0x080001a4   Section        0  libinit2.o(.ARM.Collect$$libinit$$00000032)
    .ARM.Collect$$libinit$$00000034          0x080001a4   Section        0  libinit2.o(.ARM.Collect$$libinit$$00000034)
    .ARM.Collect$$libinit$$00000035          0x080001a4   Section        2  libinit2.o(.ARM.Collect$$libinit$$00000035)
    .ARM.Collect$$libshutdown$$00000000      0x080001a6   Section        2  libshutdown.o(.ARM.Collect$$libshutdown$$00000000)
    .ARM.Collect$$libshutdown$$00000002      0x080001a8   Section        0  libshutdown2.o(.ARM.Collect$$libshutdown$$00000002)
    .ARM.Collect$$libshutdown$$00000004      0x080001a8   Section        0  libshutdown2.o(.ARM.Collect$$libshutdown$$00000004)
    .ARM.Collect$$libshutdown$$00000007      0x080001a8   Section        0  libshutdown2.o(.ARM.Collect$$libshutdown$$00000007)
    .ARM.Collect$$libshutdown$$0000000A      0x080001a8   Section        0  libshutdown2.o(.ARM.Collect$$libshutdown$$0000000A)
    .ARM.Collect$$libshutdown$$0000000C      0x080001a8   Section        0  libshutdown2.o(.ARM.Collect$$libshutdown$$0000000C)
    .ARM.Collect$$libshutdown$$0000000F      0x080001a8   Section        0  libshutdown2.o(.ARM.Collect$$libshutdown$$0000000F)
    .ARM.Collect$$libshutdown$$00000010      0x080001a8   Section        2  libshutdown2.o(.ARM.Collect$$libshutdown$$00000010)
    .ARM.Collect$$rtentry$$00000000          0x080001aa   Section        0  __rtentry.o(.ARM.Collect$$rtentry$$00000000)
    .ARM.Collect$$rtentry$$00000002          0x080001aa   Section        0  __rtentry2.o(.ARM.Collect$$rtentry$$00000002)
    .ARM.Collect$$rtentry$$00000004          0x080001aa   Section        6  __rtentry4.o(.ARM.Collect$$rtentry$$00000004)
    .ARM.Collect$$rtentry$$00000009          0x080001b0   Section        0  __rtentry2.o(.ARM.Collect$$rtentry$$00000009)
    .ARM.Collect$$rtentry$$0000000A          0x080001b0   Section        4  __rtentry2.o(.ARM.Collect$$rtentry$$0000000A)
    .ARM.Collect$$rtentry$$0000000C          0x080001b4   Section        0  __rtentry2.o(.ARM.Collect$$rtentry$$0000000C)
    .ARM.Collect$$rtentry$$0000000D          0x080001b4   Section        8  __rtentry2.o(.ARM.Collect$$rtentry$$0000000D)
    .ARM.Collect$$rtexit$$00000000           0x080001bc   Section        2  rtexit.o(.ARM.Collect$$rtexit$$00000000)
    .ARM.Collect$$rtexit$$00000002           0x080001be   Section        0  rtexit2.o(.ARM.Collect$$rtexit$$00000002)
    .ARM.Collect$$rtexit$$00000003           0x080001be   Section        4  rtexit2.o(.ARM.Collect$$rtexit$$00000003)
    .ARM.Collect$$rtexit$$00000004           0x080001c2   Section        6  rtexit2.o(.ARM.Collect$$rtexit$$00000004)
    .text                                    0x080001c8   Section       64  startup_stm32f10x_md.o(.text)
    .text                                    0x08000208   Section        0  noretval__2sprintf.o(.text)
    .text                                    0x08000230   Section        0  _printf_pad.o(.text)
    .text                                    0x0800027e   Section        0  _printf_str.o(.text)
    .text                                    0x080002d0   Section        0  _printf_dec.o(.text)
    .text                                    0x08000348   Section        0  _printf_hex_int.o(.text)
    .text                                    0x080003a0   Section        0  __printf_flags_wp.o(.text)
    .text                                    0x080004d8   Section      138  rt_memcpy_v6.o(.text)
    .text                                    0x08000562   Section       78  rt_memclr_w.o(.text)
    .text                                    0x080005b0   Section        0  heapauxi.o(.text)
    .text                                    0x080005b6   Section        0  _printf_intcommon.o(.text)
    _printf_input_char                       0x08000669   Thumb Code    10  _printf_char_common.o(.text)
    .text                                    0x08000668   Section        0  _printf_char_common.o(.text)
    .text                                    0x08000698   Section        0  _sputc.o(.text)
    .text                                    0x080006a2   Section        0  _printf_char.o(.text)
    .text                                    0x080006ce   Section      100  rt_memcpy_w.o(.text)
    .text                                    0x08000732   Section       74  sys_stackheap_outer.o(.text)
    .text                                    0x0800077c   Section        0  exit.o(.text)
    .text                                    0x08000790   Section        8  libspace.o(.text)
    .text                                    0x08000798   Section        0  sys_exit.o(.text)
    .text                                    0x080007a4   Section        2  use_no_semi.o(.text)
    .text                                    0x080007a6   Section        0  indicate_semi.o(.text)
    [Anonymous Symbol]                       0x080007a8   Section        0  stm32f10x_it.o(.text.BusFault_Handler)
    [Anonymous Symbol]                       0x080007ac   Section        0  buzzer.o(.text.Buzzer_Init)
    [Anonymous Symbol]                       0x080007bc   Section        0  buzzer.o(.text.Buzzer_OFF)
    [Anonymous Symbol]                       0x080007e8   Section        0  buzzer.o(.text.Buzzer_ON)
    [Anonymous Symbol]                       0x08000854   Section        0  stm32f10x_it.o(.text.DebugMon_Handler)
    [Anonymous Symbol]                       0x08000858   Section        0  delay.o(.text.Delay_ms)
    [Anonymous Symbol]                       0x08000898   Section        0  delay.o(.text.Delay_us)
    [Anonymous Symbol]                       0x080008bc   Section        0  encoder.o(.text.EXTI0_IRQHandler)
    [Anonymous Symbol]                       0x080008f0   Section        0  encoder.o(.text.EXTI1_IRQHandler)
    [Anonymous Symbol]                       0x08000924   Section        0  stm32f10x_exti.o(.text.EXTI_ClearITPendingBit)
    [Anonymous Symbol]                       0x08000930   Section        0  stm32f10x_exti.o(.text.EXTI_GetITStatus)
    [Anonymous Symbol]                       0x08000950   Section        0  stm32f10x_gpio.o(.text.GPIO_Init)
    [Anonymous Symbol]                       0x08000a0c   Section        0  stm32f10x_gpio.o(.text.GPIO_ReadInputDataBit)
    [Anonymous Symbol]                       0x08000a18   Section        0  stm32f10x_gpio.o(.text.GPIO_ResetBits)
    [Anonymous Symbol]                       0x08000a1c   Section        0  stm32f10x_gpio.o(.text.GPIO_SetBits)
    [Anonymous Symbol]                       0x08000a20   Section        0  stm32f10x_gpio.o(.text.GPIO_WriteBit)
    [Anonymous Symbol]                       0x08000a2c   Section        0  stm32f10x_it.o(.text.HardFault_Handler)
    [Anonymous Symbol]                       0x08000a30   Section        0  stm32f10x_it.o(.text.MemManage_Handler)
    [Anonymous Symbol]                       0x08000a34   Section        0  main.o(.text.My_GPIO_Init)
    [Anonymous Symbol]                       0x08000ad0   Section        0  stm32f10x_it.o(.text.NMI_Handler)
    [Anonymous Symbol]                       0x08000ad4   Section        0  oled.o(.text.OLED_Clear)
    [Anonymous Symbol]                       0x08000b2c   Section        0  oled.o(.text.OLED_Init)
    [Anonymous Symbol]                       0x08000c40   Section        0  oled.o(.text.OLED_Refresh)
    [Anonymous Symbol]                       0x08000c8c   Section        0  oled.o(.text.OLED_WR_Byte)
    [Anonymous Symbol]                       0x08000d1c   Section        0  pwm.o(.text.PWM_Init_1)
    [Anonymous Symbol]                       0x08000db0   Section        0  pwm.o(.text.PWM_Init_2)
    [Anonymous Symbol]                       0x08000e3c   Section        0  pwm.o(.text.PWM_SetDuty_1)
    [Anonymous Symbol]                       0x08000e48   Section        0  pwm.o(.text.PWM_SetDuty_2)
    [Anonymous Symbol]                       0x08000e58   Section        0  pwm.o(.text.PWM_SetFreq_1)
    [Anonymous Symbol]                       0x08000e84   Section        0  pwm.o(.text.PWM_SetFreq_2)
    [Anonymous Symbol]                       0x08000eb4   Section        0  stm32f10x_it.o(.text.PendSV_Handler)
    [Anonymous Symbol]                       0x08000eb8   Section        0  main.o(.text.PlaybackTick)
    [Anonymous Symbol]                       0x0800101c   Section        0  stm32f10x_rcc.o(.text.RCC_APB1PeriphClockCmd)
    [Anonymous Symbol]                       0x08001034   Section        0  stm32f10x_rcc.o(.text.RCC_APB2PeriphClockCmd)
    [Anonymous Symbol]                       0x0800104c   Section        0  stm32f10x_rcc.o(.text.RCC_GetFlagStatus)
    [Anonymous Symbol]                       0x08001074   Section        0  stm32f10x_rcc.o(.text.RCC_HCLKConfig)
    [Anonymous Symbol]                       0x08001088   Section        0  stm32f10x_rcc.o(.text.RCC_HSEConfig)
    [Anonymous Symbol]                       0x080010bc   Section        0  stm32f10x_rcc.o(.text.RCC_HSICmd)
    [Anonymous Symbol]                       0x080010c8   Section        0  stm32f10x_rcc.o(.text.RCC_PCLK1Config)
    [Anonymous Symbol]                       0x080010dc   Section        0  stm32f10x_rcc.o(.text.RCC_PCLK2Config)
    [Anonymous Symbol]                       0x080010f4   Section        0  stm32f10x_rcc.o(.text.RCC_PLLCmd)
    [Anonymous Symbol]                       0x08001100   Section        0  stm32f10x_rcc.o(.text.RCC_PLLConfig)
    [Anonymous Symbol]                       0x08001118   Section        0  stm32f10x_rcc.o(.text.RCC_SYSCLKConfig)
    [Anonymous Symbol]                       0x0800112c   Section        0  stm32f10x_it.o(.text.SVC_Handler)
    [Anonymous Symbol]                       0x08001130   Section        0  main.o(.text.ShowScreen)
    [Anonymous Symbol]                       0x080018a0   Section        0  main.o(.text.ShowSelScreen)
    [Anonymous Symbol]                       0x08001b6c   Section        0  stm32f10x_it.o(.text.SysTick_Handler)
    [Anonymous Symbol]                       0x08001b70   Section        0  main.o(.text.SystemClock_Config)
    [Anonymous Symbol]                       0x08001bf0   Section        0  system_stm32f10x.o(.text.SystemInit)
    [Anonymous Symbol]                       0x08001cfc   Section        0  stm32f10x_tim.o(.text.TIM_ARRPreloadConfig)
    [Anonymous Symbol]                       0x08001d10   Section        0  stm32f10x_tim.o(.text.TIM_Cmd)
    [Anonymous Symbol]                       0x08001d24   Section        0  stm32f10x_tim.o(.text.TIM_GenerateEvent)
    [Anonymous Symbol]                       0x08001d28   Section        0  stm32f10x_tim.o(.text.TIM_InternalClockConfig)
    [Anonymous Symbol]                       0x08001d34   Section        0  stm32f10x_tim.o(.text.TIM_OC1Init)
    [Anonymous Symbol]                       0x08001da4   Section        0  stm32f10x_tim.o(.text.TIM_OC1PreloadConfig)
    [Anonymous Symbol]                       0x08001db0   Section        0  stm32f10x_tim.o(.text.TIM_OC2Init)
    [Anonymous Symbol]                       0x08001e24   Section        0  stm32f10x_tim.o(.text.TIM_OC2PreloadConfig)
    [Anonymous Symbol]                       0x08001e34   Section        0  stm32f10x_tim.o(.text.TIM_OCStructInit)
    [Anonymous Symbol]                       0x08001e40   Section        0  stm32f10x_tim.o(.text.TIM_PrescalerConfig)
    [Anonymous Symbol]                       0x08001e48   Section        0  stm32f10x_tim.o(.text.TIM_SetCompare1)
    [Anonymous Symbol]                       0x08001e4c   Section        0  stm32f10x_tim.o(.text.TIM_SetCompare2)
    [Anonymous Symbol]                       0x08001e50   Section        0  stm32f10x_tim.o(.text.TIM_TimeBaseInit)
    [Anonymous Symbol]                       0x08001efc   Section        0  main.o(.text.TTP229_ReadKeys)
    [Anonymous Symbol]                       0x08001f5c   Section        0  stm32f10x_it.o(.text.UsageFault_Handler)
    [Anonymous Symbol]                       0x08001f60   Section        0  main.o(.text.WS2812_SendBit)
    [Anonymous Symbol]                       0x080020dc   Section        0  main.o(.text.WS2812_SetBySum)
    [Anonymous Symbol]                       0x08002168   Section        0  main.o(.text.WS2812_ShowColor)
    [Anonymous Symbol]                       0x080021e4   Section        0  main.o(.text.main)
    i._is_digit                              0x08002c48   Section        0  __printf_wp.o(i._is_digit)
    uc_hextab                                0x08002c56   Data          20  _printf_hex_int.o(.constdata)
    .constdata                               0x08002c56   Section       40  _printf_hex_int.o(.constdata)
    lc_hextab                                0x08002c6a   Data          20  _printf_hex_int.o(.constdata)
    maptable                                 0x08002c7e   Data          17  __printf_flags_wp.o(.constdata)
    .constdata                               0x08002c7e   Section       17  __printf_flags_wp.o(.constdata)
    OLED_F8x16                               0x08002c8f   Data        1520  main.o(.rodata.OLED_F8x16)
    [Anonymous Symbol]                       0x08002c8f   Section        0  main.o(.rodata.OLED_F8x16)
    [Anonymous Symbol]                       0x08003326   Section        0  main.o(.rodata.str1.1)
    .bss                                     0x20000038   Section       96  libspace.o(.bss)
    main.sel_combo_cnt                       0x200004b0   Data           1  main.o(.bss.main.sel_combo_cnt)
    [Anonymous Symbol]                       0x200004b0   Section        0  main.o(.bss.main.sel_combo_cnt)
    Heap_Mem                                 0x200009d8   Data         512  startup_stm32f10x_md.o(HEAP)
    HEAP                                     0x200009d8   Section      512  startup_stm32f10x_md.o(HEAP)
    Stack_Mem                                0x20000bd8   Data        1024  startup_stm32f10x_md.o(STACK)
    STACK                                    0x20000bd8   Section     1024  startup_stm32f10x_md.o(STACK)
    __initial_sp                             0x20000fd8   Data           0  startup_stm32f10x_md.o(STACK)

    Global Symbols

    Symbol Name                              Value     Ov Type        Size  Object(Section)

    BuildAttributes$$THM_ISAv4$P$D$K$B$S$PE$A:L22UL41UL21$X:L11$S22US41US21$IEEE1$IW$~IW$USESV6$~STKCKD$USESV7$~SHL$OTIME$ROPI$EBA8$UX$STANDARDLIB$REQ8$PRES8$EABIv2 0x00000000   Number         0  anon$$obj.o ABSOLUTE
    __fp_init_empty                          0x00000000   Number         0  fpinit_empty.o ABSOLUTE
    _printf_flags                            0x00000000   Number         0  printf_stubs.o ABSOLUTE
    _printf_return_value                     0x00000000   Number         0  printf_stubs.o ABSOLUTE
    _printf_sizespec                         0x00000000   Number         0  printf_stubs.o ABSOLUTE
    _printf_widthprec                        0x00000000   Number         0  printf_stubs.o ABSOLUTE
    __ARM_exceptions_init                     - Undefined Weak Reference
    __alloca_initialize                       - Undefined Weak Reference
    __arm_preinit_                            - Undefined Weak Reference
    __arm_relocate_pie_                       - Undefined Weak Reference
    __cpp_initialize__aeabi_                  - Undefined Weak Reference
    __cxa_finalize                            - Undefined Weak Reference
    __rt_locale                               - Undefined Weak Reference
    __sigvec_lookup                           - Undefined Weak Reference
    _atexit_init                              - Undefined Weak Reference
    _call_atexit_fns                          - Undefined Weak Reference
    _clock_init                               - Undefined Weak Reference
    _fp_trap_init                             - Undefined Weak Reference
    _fp_trap_shutdown                         - Undefined Weak Reference
    _get_lc_collate                           - Undefined Weak Reference
    _get_lc_ctype                             - Undefined Weak Reference
    _get_lc_monetary                          - Undefined Weak Reference
    _get_lc_numeric                           - Undefined Weak Reference
    _get_lc_time                              - Undefined Weak Reference
    _getenv_init                              - Undefined Weak Reference
    _handle_redirection                       - Undefined Weak Reference
    _init_alloc                               - Undefined Weak Reference
    _init_user_alloc                          - Undefined Weak Reference
    _initio                                   - Undefined Weak Reference
    _printf_mbtowc                            - Undefined Weak Reference
    _printf_truncate_signed                   - Undefined Weak Reference
    _printf_truncate_unsigned                 - Undefined Weak Reference
    _rand_init                                - Undefined Weak Reference
    _signal_finish                            - Undefined Weak Reference
    _signal_init                              - Undefined Weak Reference
    _terminate_alloc                          - Undefined Weak Reference
    _terminate_user_alloc                     - Undefined Weak Reference
    _terminateio                              - Undefined Weak Reference
    __Vectors_Size                           0x000000ec   Number         0  startup_stm32f10x_md.o ABSOLUTE
    __Vectors                                0x08000000   Data           4  startup_stm32f10x_md.o(RESET)
    __Vectors_End                            0x080000ec   Data           0  startup_stm32f10x_md.o(RESET)
    __main                                   0x080000ed   Thumb Code     8  __main.o(!!!main)
    __scatterload                            0x080000f5   Thumb Code     0  __scatter.o(!!!scatter)
    __scatterload_rt2                        0x080000f5   Thumb Code    84  __scatter.o(!!!scatter)
    __scatterload_rt2_thumb_only             0x080000f5   Thumb Code     0  __scatter.o(!!!scatter)
    __scatterload_loop                       0x080000ff   Thumb Code     0  __scatter.o(!!!scatter)
    __scatterload_copy                       0x08000151   Thumb Code    26  __scatter_copy.o(!!handler_copy)
    __scatterload_null                       0x0800016d   Thumb Code     2  __scatter.o(!!handler_null)
    __scatterload_zeroinit                   0x08000171   Thumb Code    28  __scatter_zi.o(!!handler_zi)
    _printf_d                                0x0800018d   Thumb Code     0  _printf_d.o(.ARM.Collect$$_printf_percent$$00000009)
    _printf_percent                          0x0800018d   Thumb Code     0  _printf_percent.o(.ARM.Collect$$_printf_percent$$00000000)
    _printf_x                                0x08000193   Thumb Code     0  _printf_x.o(.ARM.Collect$$_printf_percent$$0000000C)
    _printf_s                                0x08000199   Thumb Code     0  _printf_s.o(.ARM.Collect$$_printf_percent$$00000014)
    _printf_percent_end                      0x0800019f   Thumb Code     0  _printf_percent_end.o(.ARM.Collect$$_printf_percent$$00000017)
    __rt_lib_init                            0x080001a3   Thumb Code     0  libinit.o(.ARM.Collect$$libinit$$00000000)
    __rt_lib_init_alloca_1                   0x080001a5   Thumb Code     0  libinit2.o(.ARM.Collect$$libinit$$00000030)
    __rt_lib_init_argv_1                     0x080001a5   Thumb Code     0  libinit2.o(.ARM.Collect$$libinit$$0000002E)
    __rt_lib_init_atexit_1                   0x080001a5   Thumb Code     0  libinit2.o(.ARM.Collect$$libinit$$0000001D)
    __rt_lib_init_clock_1                    0x080001a5   Thumb Code     0  libinit2.o(.ARM.Collect$$libinit$$00000023)
    __rt_lib_init_cpp_1                      0x080001a5   Thumb Code     0  libinit2.o(.ARM.Collect$$libinit$$00000034)
    __rt_lib_init_exceptions_1               0x080001a5   Thumb Code     0  libinit2.o(.ARM.Collect$$libinit$$00000032)
    __rt_lib_init_fp_1                       0x080001a5   Thumb Code     0  libinit2.o(.ARM.Collect$$libinit$$00000002)
    __rt_lib_init_fp_trap_1                  0x080001a5   Thumb Code     0  libinit2.o(.ARM.Collect$$libinit$$00000021)
    __rt_lib_init_getenv_1                   0x080001a5   Thumb Code     0  libinit2.o(.ARM.Collect$$libinit$$00000025)
    __rt_lib_init_heap_1                     0x080001a5   Thumb Code     0  libinit2.o(.ARM.Collect$$libinit$$0000000C)
    __rt_lib_init_lc_collate_1               0x080001a5   Thumb Code     0  libinit2.o(.ARM.Collect$$libinit$$00000013)
    __rt_lib_init_lc_ctype_1                 0x080001a5   Thumb Code     0  libinit2.o(.ARM.Collect$$libinit$$00000015)
    __rt_lib_init_lc_monetary_1              0x080001a5   Thumb Code     0  libinit2.o(.ARM.Collect$$libinit$$00000017)
    __rt_lib_init_lc_numeric_1               0x080001a5   Thumb Code     0  libinit2.o(.ARM.Collect$$libinit$$00000019)
    __rt_lib_init_lc_time_1                  0x080001a5   Thumb Code     0  libinit2.o(.ARM.Collect$$libinit$$0000001B)
    __rt_lib_init_preinit_1                  0x080001a5   Thumb Code     0  libinit2.o(.ARM.Collect$$libinit$$00000006)
    __rt_lib_init_rand_1                     0x080001a5   Thumb Code     0  libinit2.o(.ARM.Collect$$libinit$$00000010)
    __rt_lib_init_relocate_pie_1             0x080001a5   Thumb Code     0  libinit2.o(.ARM.Collect$$libinit$$00000004)
    __rt_lib_init_return                     0x080001a5   Thumb Code     0  libinit2.o(.ARM.Collect$$libinit$$00000035)
    __rt_lib_init_signal_1                   0x080001a5   Thumb Code     0  libinit2.o(.ARM.Collect$$libinit$$0000001F)
    __rt_lib_init_stdio_1                    0x080001a5   Thumb Code     0  libinit2.o(.ARM.Collect$$libinit$$00000027)
    __rt_lib_init_user_alloc_1               0x080001a5   Thumb Code     0  libinit2.o(.ARM.Collect$$libinit$$0000000E)
    __rt_lib_shutdown                        0x080001a7   Thumb Code     0  libshutdown.o(.ARM.Collect$$libshutdown$$00000000)
    __rt_lib_shutdown_cpp_1                  0x080001a9   Thumb Code     0  libshutdown2.o(.ARM.Collect$$libshutdown$$00000002)
    __rt_lib_shutdown_fp_trap_1              0x080001a9   Thumb Code     0  libshutdown2.o(.ARM.Collect$$libshutdown$$00000007)
    __rt_lib_shutdown_heap_1                 0x080001a9   Thumb Code     0  libshutdown2.o(.ARM.Collect$$libshutdown$$0000000F)
    __rt_lib_shutdown_return                 0x080001a9   Thumb Code     0  libshutdown2.o(.ARM.Collect$$libshutdown$$00000010)
    __rt_lib_shutdown_signal_1               0x080001a9   Thumb Code     0  libshutdown2.o(.ARM.Collect$$libshutdown$$0000000A)
    __rt_lib_shutdown_stdio_1                0x080001a9   Thumb Code     0  libshutdown2.o(.ARM.Collect$$libshutdown$$00000004)
    __rt_lib_shutdown_user_alloc_1           0x080001a9   Thumb Code     0  libshutdown2.o(.ARM.Collect$$libshutdown$$0000000C)
    __rt_entry                               0x080001ab   Thumb Code     0  __rtentry.o(.ARM.Collect$$rtentry$$00000000)
    __rt_entry_presh_1                       0x080001ab   Thumb Code     0  __rtentry2.o(.ARM.Collect$$rtentry$$00000002)
    __rt_entry_sh                            0x080001ab   Thumb Code     0  __rtentry4.o(.ARM.Collect$$rtentry$$00000004)
    __rt_entry_li                            0x080001b1   Thumb Code     0  __rtentry2.o(.ARM.Collect$$rtentry$$0000000A)
    __rt_entry_postsh_1                      0x080001b1   Thumb Code     0  __rtentry2.o(.ARM.Collect$$rtentry$$00000009)
    __rt_entry_main                          0x080001b5   Thumb Code     0  __rtentry2.o(.ARM.Collect$$rtentry$$0000000D)
    __rt_entry_postli_1                      0x080001b5   Thumb Code     0  __rtentry2.o(.ARM.Collect$$rtentry$$0000000C)
    __rt_exit                                0x080001bd   Thumb Code     0  rtexit.o(.ARM.Collect$$rtexit$$00000000)
    __rt_exit_ls                             0x080001bf   Thumb Code     0  rtexit2.o(.ARM.Collect$$rtexit$$00000003)
    __rt_exit_prels_1                        0x080001bf   Thumb Code     0  rtexit2.o(.ARM.Collect$$rtexit$$00000002)
    __rt_exit_exit                           0x080001c3   Thumb Code     0  rtexit2.o(.ARM.Collect$$rtexit$$00000004)
    Reset_Handler                            0x080001c9   Thumb Code     8  startup_stm32f10x_md.o(.text)
    ADC1_2_IRQHandler                        0x080001e3   Thumb Code     0  startup_stm32f10x_md.o(.text)
    CAN1_RX1_IRQHandler                      0x080001e3   Thumb Code     0  startup_stm32f10x_md.o(.text)
    CAN1_SCE_IRQHandler                      0x080001e3   Thumb Code     0  startup_stm32f10x_md.o(.text)
    DMA1_Channel1_IRQHandler                 0x080001e3   Thumb Code     0  startup_stm32f10x_md.o(.text)
    DMA1_Channel2_IRQHandler                 0x080001e3   Thumb Code     0  startup_stm32f10x_md.o(.text)
    DMA1_Channel3_IRQHandler                 0x080001e3   Thumb Code     0  startup_stm32f10x_md.o(.text)
    DMA1_Channel4_IRQHandler                 0x080001e3   Thumb Code     0  startup_stm32f10x_md.o(.text)
    DMA1_Channel5_IRQHandler                 0x080001e3   Thumb Code     0  startup_stm32f10x_md.o(.text)
    DMA1_Channel6_IRQHandler                 0x080001e3   Thumb Code     0  startup_stm32f10x_md.o(.text)
    DMA1_Channel7_IRQHandler                 0x080001e3   Thumb Code     0  startup_stm32f10x_md.o(.text)
    EXTI15_10_IRQHandler                     0x080001e3   Thumb Code     0  startup_stm32f10x_md.o(.text)
    EXTI2_IRQHandler                         0x080001e3   Thumb Code     0  startup_stm32f10x_md.o(.text)
    EXTI3_IRQHandler                         0x080001e3   Thumb Code     0  startup_stm32f10x_md.o(.text)
    EXTI4_IRQHandler                         0x080001e3   Thumb Code     0  startup_stm32f10x_md.o(.text)
    EXTI9_5_IRQHandler                       0x080001e3   Thumb Code     0  startup_stm32f10x_md.o(.text)
    FLASH_IRQHandler                         0x080001e3   Thumb Code     0  startup_stm32f10x_md.o(.text)
    I2C1_ER_IRQHandler                       0x080001e3   Thumb Code     0  startup_stm32f10x_md.o(.text)
    I2C1_EV_IRQHandler                       0x080001e3   Thumb Code     0  startup_stm32f10x_md.o(.text)
    I2C2_ER_IRQHandler                       0x080001e3   Thumb Code     0  startup_stm32f10x_md.o(.text)
    I2C2_EV_IRQHandler                       0x080001e3   Thumb Code     0  startup_stm32f10x_md.o(.text)
    PVD_IRQHandler                           0x080001e3   Thumb Code     0  startup_stm32f10x_md.o(.text)
    RCC_IRQHandler                           0x080001e3   Thumb Code     0  startup_stm32f10x_md.o(.text)
    RTCAlarm_IRQHandler                      0x080001e3   Thumb Code     0  startup_stm32f10x_md.o(.text)
    RTC_IRQHandler                           0x080001e3   Thumb Code     0  startup_stm32f10x_md.o(.text)
    SPI1_IRQHandler                          0x080001e3   Thumb Code     0  startup_stm32f10x_md.o(.text)
    SPI2_IRQHandler                          0x080001e3   Thumb Code     0  startup_stm32f10x_md.o(.text)
    TAMPER_IRQHandler                        0x080001e3   Thumb Code     0  startup_stm32f10x_md.o(.text)
    TIM1_BRK_IRQHandler                      0x080001e3   Thumb Code     0  startup_stm32f10x_md.o(.text)
    TIM1_CC_IRQHandler                       0x080001e3   Thumb Code     0  startup_stm32f10x_md.o(.text)
    TIM1_TRG_COM_IRQHandler                  0x080001e3   Thumb Code     0  startup_stm32f10x_md.o(.text)
    TIM1_UP_IRQHandler                       0x080001e3   Thumb Code     0  startup_stm32f10x_md.o(.text)
    TIM2_IRQHandler                          0x080001e3   Thumb Code     0  startup_stm32f10x_md.o(.text)
    TIM3_IRQHandler                          0x080001e3   Thumb Code     0  startup_stm32f10x_md.o(.text)
    TIM4_IRQHandler                          0x080001e3   Thumb Code     0  startup_stm32f10x_md.o(.text)
    USART1_IRQHandler                        0x080001e3   Thumb Code     0  startup_stm32f10x_md.o(.text)
    USART2_IRQHandler                        0x080001e3   Thumb Code     0  startup_stm32f10x_md.o(.text)
    USART3_IRQHandler                        0x080001e3   Thumb Code     0  startup_stm32f10x_md.o(.text)
    USBWakeUp_IRQHandler                     0x080001e3   Thumb Code     0  startup_stm32f10x_md.o(.text)
    USB_HP_CAN1_TX_IRQHandler                0x080001e3   Thumb Code     0  startup_stm32f10x_md.o(.text)
    USB_LP_CAN1_RX0_IRQHandler               0x080001e3   Thumb Code     0  startup_stm32f10x_md.o(.text)
    WWDG_IRQHandler                          0x080001e3   Thumb Code     0  startup_stm32f10x_md.o(.text)
    __user_initial_stackheap                 0x080001e5   Thumb Code     0  startup_stm32f10x_md.o(.text)
    __2sprintf                               0x08000209   Thumb Code    34  noretval__2sprintf.o(.text)
    _printf_pre_padding                      0x08000231   Thumb Code    44  _printf_pad.o(.text)
    _printf_post_padding                     0x0800025d   Thumb Code    34  _printf_pad.o(.text)
    _printf_str                              0x0800027f   Thumb Code    82  _printf_str.o(.text)
    _printf_int_dec                          0x080002d1   Thumb Code   104  _printf_dec.o(.text)
    _printf_int_hex                          0x08000349   Thumb Code    84  _printf_hex_int.o(.text)
    _printf_longlong_hex                     0x08000349   Thumb Code     0  _printf_hex_int.o(.text)
    __printf                                 0x080003a1   Thumb Code   308  __printf_flags_wp.o(.text)
    __aeabi_memcpy                           0x080004d9   Thumb Code     0  rt_memcpy_v6.o(.text)
    __rt_memcpy                              0x080004d9   Thumb Code   138  rt_memcpy_v6.o(.text)
    _memcpy_lastbytes                        0x0800053f   Thumb Code     0  rt_memcpy_v6.o(.text)
    __aeabi_memclr4                          0x08000563   Thumb Code     0  rt_memclr_w.o(.text)
    __aeabi_memclr8                          0x08000563   Thumb Code     0  rt_memclr_w.o(.text)
    __rt_memclr_w                            0x08000563   Thumb Code     0  rt_memclr_w.o(.text)
    _memset_w                                0x08000567   Thumb Code    74  rt_memclr_w.o(.text)
    __use_two_region_memory                  0x080005b1   Thumb Code     2  heapauxi.o(.text)
    __rt_heap_escrow$2region                 0x080005b3   Thumb Code     2  heapauxi.o(.text)
    __rt_heap_expand$2region                 0x080005b5   Thumb Code     2  heapauxi.o(.text)
    _printf_int_common                       0x080005b7   Thumb Code   178  _printf_intcommon.o(.text)
    _printf_char_common                      0x08000673   Thumb Code    32  _printf_char_common.o(.text)
    _sputc                                   0x08000699   Thumb Code    10  _sputc.o(.text)
    _printf_cs_common                        0x080006a3   Thumb Code    20  _printf_char.o(.text)
    _printf_char                             0x080006b7   Thumb Code    16  _printf_char.o(.text)
    _printf_string                           0x080006c7   Thumb Code     8  _printf_char.o(.text)
    __aeabi_memcpy4                          0x080006cf   Thumb Code     0  rt_memcpy_w.o(.text)
    __aeabi_memcpy8                          0x080006cf   Thumb Code     0  rt_memcpy_w.o(.text)
    __rt_memcpy_w                            0x080006cf   Thumb Code   100  rt_memcpy_w.o(.text)
    _memcpy_lastbytes_aligned                0x08000717   Thumb Code     0  rt_memcpy_w.o(.text)
    __user_setup_stackheap                   0x08000733   Thumb Code    74  sys_stackheap_outer.o(.text)
    exit                                     0x0800077d   Thumb Code    18  exit.o(.text)
    __user_libspace                          0x08000791   Thumb Code     8  libspace.o(.text)
    __user_perproc_libspace                  0x08000791   Thumb Code     0  libspace.o(.text)
    __user_perthread_libspace                0x08000791   Thumb Code     0  libspace.o(.text)
    _sys_exit                                0x08000799   Thumb Code     8  sys_exit.o(.text)
    __I$use$semihosting                      0x080007a5   Thumb Code     0  use_no_semi.o(.text)
    __use_no_semihosting_swi                 0x080007a5   Thumb Code     2  use_no_semi.o(.text)
    __semihosting_library_function           0x080007a7   Thumb Code     0  indicate_semi.o(.text)
    BusFault_Handler                         0x080007a9   Thumb Code     2  stm32f10x_it.o(.text.BusFault_Handler)
    Buzzer_Init                              0x080007ad   Thumb Code    14  buzzer.o(.text.Buzzer_Init)
    Buzzer_OFF                               0x080007bd   Thumb Code    44  buzzer.o(.text.Buzzer_OFF)
    Buzzer_ON                                0x080007e9   Thumb Code   106  buzzer.o(.text.Buzzer_ON)
    DebugMon_Handler                         0x08000855   Thumb Code     2  stm32f10x_it.o(.text.DebugMon_Handler)
    Delay_ms                                 0x08000859   Thumb Code    62  delay.o(.text.Delay_ms)
    Delay_us                                 0x08000899   Thumb Code    36  delay.o(.text.Delay_us)
    EXTI0_IRQHandler                         0x080008bd   Thumb Code    52  encoder.o(.text.EXTI0_IRQHandler)
    EXTI1_IRQHandler                         0x080008f1   Thumb Code    52  encoder.o(.text.EXTI1_IRQHandler)
    EXTI_ClearITPendingBit                   0x08000925   Thumb Code    12  stm32f10x_exti.o(.text.EXTI_ClearITPendingBit)
    EXTI_GetITStatus                         0x08000931   Thumb Code    30  stm32f10x_exti.o(.text.EXTI_GetITStatus)
    GPIO_Init                                0x08000951   Thumb Code   188  stm32f10x_gpio.o(.text.GPIO_Init)
    GPIO_ReadInputDataBit                    0x08000a0d   Thumb Code    10  stm32f10x_gpio.o(.text.GPIO_ReadInputDataBit)
    GPIO_ResetBits                           0x08000a19   Thumb Code     4  stm32f10x_gpio.o(.text.GPIO_ResetBits)
    GPIO_SetBits                             0x08000a1d   Thumb Code     4  stm32f10x_gpio.o(.text.GPIO_SetBits)
    GPIO_WriteBit                            0x08000a21   Thumb Code    12  stm32f10x_gpio.o(.text.GPIO_WriteBit)
    HardFault_Handler                        0x08000a2d   Thumb Code     2  stm32f10x_it.o(.text.HardFault_Handler)
    MemManage_Handler                        0x08000a31   Thumb Code     2  stm32f10x_it.o(.text.MemManage_Handler)
    My_GPIO_Init                             0x08000a35   Thumb Code   156  main.o(.text.My_GPIO_Init)
    NMI_Handler                              0x08000ad1   Thumb Code     2  stm32f10x_it.o(.text.NMI_Handler)
    OLED_Clear                               0x08000ad5   Thumb Code    88  oled.o(.text.OLED_Clear)
    OLED_Init                                0x08000b2d   Thumb Code   274  oled.o(.text.OLED_Init)
    OLED_Refresh                             0x08000c41   Thumb Code    74  oled.o(.text.OLED_Refresh)
    OLED_WR_Byte                             0x08000c8d   Thumb Code   144  oled.o(.text.OLED_WR_Byte)
    PWM_Init_1                               0x08000d1d   Thumb Code   148  pwm.o(.text.PWM_Init_1)
    PWM_Init_2                               0x08000db1   Thumb Code   140  pwm.o(.text.PWM_Init_2)
    PWM_SetDuty_1                            0x08000e3d   Thumb Code    10  pwm.o(.text.PWM_SetDuty_1)
    PWM_SetDuty_2                            0x08000e49   Thumb Code    14  pwm.o(.text.PWM_SetDuty_2)
    PWM_SetFreq_1                            0x08000e59   Thumb Code    42  pwm.o(.text.PWM_SetFreq_1)
    PWM_SetFreq_2                            0x08000e85   Thumb Code    46  pwm.o(.text.PWM_SetFreq_2)
    PendSV_Handler                           0x08000eb5   Thumb Code     2  stm32f10x_it.o(.text.PendSV_Handler)
    PlaybackTick                             0x08000eb9   Thumb Code   354  main.o(.text.PlaybackTick)
    RCC_APB1PeriphClockCmd                   0x0800101d   Thumb Code    24  stm32f10x_rcc.o(.text.RCC_APB1PeriphClockCmd)
    RCC_APB2PeriphClockCmd                   0x08001035   Thumb Code    24  stm32f10x_rcc.o(.text.RCC_APB2PeriphClockCmd)
    RCC_GetFlagStatus                        0x0800104d   Thumb Code    38  stm32f10x_rcc.o(.text.RCC_GetFlagStatus)
    RCC_HCLKConfig                           0x08001075   Thumb Code    20  stm32f10x_rcc.o(.text.RCC_HCLKConfig)
    RCC_HSEConfig                            0x08001089   Thumb Code    50  stm32f10x_rcc.o(.text.RCC_HSEConfig)
    RCC_HSICmd                               0x080010bd   Thumb Code    10  stm32f10x_rcc.o(.text.RCC_HSICmd)
    RCC_PCLK1Config                          0x080010c9   Thumb Code    20  stm32f10x_rcc.o(.text.RCC_PCLK1Config)
    RCC_PCLK2Config                          0x080010dd   Thumb Code    22  stm32f10x_rcc.o(.text.RCC_PCLK2Config)
    RCC_PLLCmd                               0x080010f5   Thumb Code    10  stm32f10x_rcc.o(.text.RCC_PLLCmd)
    RCC_PLLConfig                            0x08001101   Thumb Code    22  stm32f10x_rcc.o(.text.RCC_PLLConfig)
    RCC_SYSCLKConfig                         0x08001119   Thumb Code    20  stm32f10x_rcc.o(.text.RCC_SYSCLKConfig)
    SVC_Handler                              0x0800112d   Thumb Code     2  stm32f10x_it.o(.text.SVC_Handler)
    ShowScreen                               0x08001131   Thumb Code  1820  main.o(.text.ShowScreen)
    ShowSelScreen                            0x080018a1   Thumb Code   644  main.o(.text.ShowSelScreen)
    SysTick_Handler                          0x08001b6d   Thumb Code     2  stm32f10x_it.o(.text.SysTick_Handler)
    SystemClock_Config                       0x08001b71   Thumb Code   128  main.o(.text.SystemClock_Config)
    SystemInit                               0x08001bf1   Thumb Code   268  system_stm32f10x.o(.text.SystemInit)
    TIM_ARRPreloadConfig                     0x08001cfd   Thumb Code    20  stm32f10x_tim.o(.text.TIM_ARRPreloadConfig)
    TIM_Cmd                                  0x08001d11   Thumb Code    18  stm32f10x_tim.o(.text.TIM_Cmd)
    TIM_GenerateEvent                        0x08001d25   Thumb Code     4  stm32f10x_tim.o(.text.TIM_GenerateEvent)
    TIM_InternalClockConfig                  0x08001d29   Thumb Code    10  stm32f10x_tim.o(.text.TIM_InternalClockConfig)
    TIM_OC1Init                              0x08001d35   Thumb Code   112  stm32f10x_tim.o(.text.TIM_OC1Init)
    TIM_OC1PreloadConfig                     0x08001da5   Thumb Code    12  stm32f10x_tim.o(.text.TIM_OC1PreloadConfig)
    TIM_OC2Init                              0x08001db1   Thumb Code   116  stm32f10x_tim.o(.text.TIM_OC2Init)
    TIM_OC2PreloadConfig                     0x08001e25   Thumb Code    14  stm32f10x_tim.o(.text.TIM_OC2PreloadConfig)
    TIM_OCStructInit                         0x08001e35   Thumb Code    12  stm32f10x_tim.o(.text.TIM_OCStructInit)
    TIM_PrescalerConfig                      0x08001e41   Thumb Code     6  stm32f10x_tim.o(.text.TIM_PrescalerConfig)
    TIM_SetCompare1                          0x08001e49   Thumb Code     4  stm32f10x_tim.o(.text.TIM_SetCompare1)
    TIM_SetCompare2                          0x08001e4d   Thumb Code     4  stm32f10x_tim.o(.text.TIM_SetCompare2)
    TIM_TimeBaseInit                         0x08001e51   Thumb Code   170  stm32f10x_tim.o(.text.TIM_TimeBaseInit)
    TTP229_ReadKeys                          0x08001efd   Thumb Code    96  main.o(.text.TTP229_ReadKeys)
    UsageFault_Handler                       0x08001f5d   Thumb Code     2  stm32f10x_it.o(.text.UsageFault_Handler)
    WS2812_SendBit                           0x08001f61   Thumb Code   380  main.o(.text.WS2812_SendBit)
    WS2812_SetBySum                          0x080020dd   Thumb Code   140  main.o(.text.WS2812_SetBySum)
    WS2812_ShowColor                         0x08002169   Thumb Code   124  main.o(.text.WS2812_ShowColor)
    main                                     0x080021e5   Thumb Code  2640  main.o(.text.main)
    _is_digit                                0x08002c49   Thumb Code    14  __printf_wp.o(i._is_digit)
    base_freq                                0x08003280   Data          34  main.o(.rodata.base_freq)
    demo_song                                0x080032a2   Data          84  main.o(.rodata.demo_song)
    rgb_table                                0x080032f6   Data          39  main.o(.rodata.rgb_table)
    scale_ratio                              0x0800331e   Data           8  main.o(.rodata.scale_ratio)
    tone_buzz_duty                           0x08003365   Data           4  main.o(.rodata.tone_buzz_duty)
    tone_duty                                0x08003369   Data           4  main.o(.rodata.tone_duty)
    tone_ratio                               0x0800336e   Data           8  main.o(.rodata.tone_ratio)
    Region$$Table$$Base                      0x08003378   Number         0  anon$$obj.o(Region$$Table)
    Region$$Table$$Limit                     0x08003398   Number         0  anon$$obj.o(Region$$Table)
    mode_name                                0x20000000   Data          20  main.o(.data.mode_name)
    scale_name                               0x20000014   Data          16  main.o(.data.scale_name)
    tone_name                                0x20000024   Data          16  main.o(.data.tone_name)
    __libspace_start                         0x20000038   Data          96  libspace.o(.bss)
    Encoder_Count                            0x20000098   Data           1  encoder.o(.bss.Encoder_Count)
    __temporary_stack_top$libspace           0x20000098   Data           0  libspace.o(.bss)
    OLED_GRAM                                0x2000009c   Data        1024  oled.o(.bss.OLED_GRAM)
    beat_flag                                0x2000049c   Data           1  main.o(.bss.beat_flag)
    beat_flash                               0x2000049d   Data           1  main.o(.bss.beat_flash)
    beat_tick                                0x2000049e   Data           2  main.o(.bss.beat_tick)
    btn1_cnt                                 0x200004a0   Data           1  main.o(.bss.btn1_cnt)
    btn1_deb                                 0x200004a1   Data           1  main.o(.bss.btn1_deb)
    btn1_last                                0x200004a2   Data           1  main.o(.bss.btn1_last)
    btn2_cnt                                 0x200004a3   Data           1  main.o(.bss.btn2_cnt)
    btn2_deb                                 0x200004a4   Data           1  main.o(.bss.btn2_deb)
    btn2_last                                0x200004a5   Data           1  main.o(.bss.btn2_last)
    btn3_cnt                                 0x200004a6   Data           1  main.o(.bss.btn3_cnt)
    btn3_deb                                 0x200004a7   Data           1  main.o(.bss.btn3_deb)
    btn3_last                                0x200004a8   Data           1  main.o(.bss.btn3_last)
    cur_freq                                 0x200004aa   Data           2  main.o(.bss.cur_freq)
    demo_beat_cnt                            0x200004ac   Data           1  main.o(.bss.demo_beat_cnt)
    demo_gap_cnt                             0x200004ad   Data           1  main.o(.bss.demo_gap_cnt)
    demo_idx                                 0x200004ae   Data           1  main.o(.bss.demo_idx)
    last_rgb_sum                             0x200004af   Data           1  main.o(.bss.last_rgb_sum)
    mode                                     0x200004b1   Data           1  main.o(.bss.mode)
    play_active                              0x200004b2   Data           1  main.o(.bss.play_active)
    play_idx                                 0x200004b3   Data           1  main.o(.bss.play_idx)
    play_ses                                 0x200004b4   Data           1  main.o(.bss.play_ses)
    play_timer                               0x200004b6   Data           2  main.o(.bss.play_timer)
    rec_last_keys                            0x200004b8   Data           2  main.o(.bss.rec_last_keys)
    rec_note_idx                             0x200004ba   Data           1  main.o(.bss.rec_note_idx)
    rec_ses_idx                              0x200004bb   Data           1  main.o(.bss.rec_ses_idx)
    scale                                    0x200004bc   Data           1  main.o(.bss.scale)
    ses_cnt                                  0x200004bd   Data           1  main.o(.bss.ses_cnt)
    ses_sel                                  0x200004be   Data           1  main.o(.bss.ses_sel)
    sessions                                 0x200004c0   Data        1300  main.o(.bss.sessions)
    tone                                     0x200009d4   Data           1  main.o(.bss.tone)



==============================================================================

Memory Map of the image

  Image Entry point : 0x080000ed

  Load Region LR_IROM1 (Base: 0x08000000, Size: 0x000033d0, Max: 0x00010000, ABSOLUTE)

    Execution Region ER_IROM1 (Exec base: 0x08000000, Load base: 0x08000000, Size: 0x00003398, Max: 0x00010000, ABSOLUTE)

    Exec Addr    Load Addr    Size         Type   Attr      Idx    E Section Name        Object

    0x08000000   0x08000000   0x000000ec   Data   RO           55    RESET               startup_stm32f10x_md.o
    0x080000ec   0x080000ec   0x00000008   Code   RO         1600  * !!!main             c_w.l(__main.o)
    0x080000f4   0x080000f4   0x0000005c   Code   RO         1778    !!!scatter          c_w.l(__scatter.o)
    0x08000150   0x08000150   0x0000001a   Code   RO         1782    !!handler_copy      c_w.l(__scatter_copy.o)
    0x0800016a   0x0800016a   0x00000002   PAD
    0x0800016c   0x0800016c   0x00000002   Code   RO         1779    !!handler_null      c_w.l(__scatter.o)
    0x0800016e   0x0800016e   0x00000002   PAD
    0x08000170   0x08000170   0x0000001c   Code   RO         1784    !!handler_zi        c_w.l(__scatter_zi.o)
    0x0800018c   0x0800018c   0x00000000   Code   RO         1593    .ARM.Collect$$_printf_percent$$00000000  c_w.l(_printf_percent.o)
    0x0800018c   0x0800018c   0x00000006   Code   RO         1592    .ARM.Collect$$_printf_percent$$00000009  c_w.l(_printf_d.o)
    0x08000192   0x08000192   0x00000006   Code   RO         1591    .ARM.Collect$$_printf_percent$$0000000C  c_w.l(_printf_x.o)
    0x08000198   0x08000198   0x00000006   Code   RO         1590    .ARM.Collect$$_printf_percent$$00000014  c_w.l(_printf_s.o)
    0x0800019e   0x0800019e   0x00000004   Code   RO         1611    .ARM.Collect$$_printf_percent$$00000017  c_w.l(_printf_percent_end.o)
    0x080001a2   0x080001a2   0x00000002   Code   RO         1640    .ARM.Collect$$libinit$$00000000  c_w.l(libinit.o)
    0x080001a4   0x080001a4   0x00000000   Code   RO         1647    .ARM.Collect$$libinit$$00000002  c_w.l(libinit2.o)
    0x080001a4   0x080001a4   0x00000000   Code   RO         1649    .ARM.Collect$$libinit$$00000004  c_w.l(libinit2.o)
    0x080001a4   0x080001a4   0x00000000   Code   RO         1651    .ARM.Collect$$libinit$$00000006  c_w.l(libinit2.o)
    0x080001a4   0x080001a4   0x00000000   Code   RO         1654    .ARM.Collect$$libinit$$0000000C  c_w.l(libinit2.o)
    0x080001a4   0x080001a4   0x00000000   Code   RO         1656    .ARM.Collect$$libinit$$0000000E  c_w.l(libinit2.o)
    0x080001a4   0x080001a4   0x00000000   Code   RO         1658    .ARM.Collect$$libinit$$00000010  c_w.l(libinit2.o)
    0x080001a4   0x080001a4   0x00000000   Code   RO         1661    .ARM.Collect$$libinit$$00000013  c_w.l(libinit2.o)
    0x080001a4   0x080001a4   0x00000000   Code   RO         1663    .ARM.Collect$$libinit$$00000015  c_w.l(libinit2.o)
    0x080001a4   0x080001a4   0x00000000   Code   RO         1665    .ARM.Collect$$libinit$$00000017  c_w.l(libinit2.o)
    0x080001a4   0x080001a4   0x00000000   Code   RO         1667    .ARM.Collect$$libinit$$00000019  c_w.l(libinit2.o)
    0x080001a4   0x080001a4   0x00000000   Code   RO         1669    .ARM.Collect$$libinit$$0000001B  c_w.l(libinit2.o)
    0x080001a4   0x080001a4   0x00000000   Code   RO         1671    .ARM.Collect$$libinit$$0000001D  c_w.l(libinit2.o)
    0x080001a4   0x080001a4   0x00000000   Code   RO         1673    .ARM.Collect$$libinit$$0000001F  c_w.l(libinit2.o)
    0x080001a4   0x080001a4   0x00000000   Code   RO         1675    .ARM.Collect$$libinit$$00000021  c_w.l(libinit2.o)
    0x080001a4   0x080001a4   0x00000000   Code   RO         1677    .ARM.Collect$$libinit$$00000023  c_w.l(libinit2.o)
    0x080001a4   0x080001a4   0x00000000   Code   RO         1679    .ARM.Collect$$libinit$$00000025  c_w.l(libinit2.o)
    0x080001a4   0x080001a4   0x00000000   Code   RO         1681    .ARM.Collect$$libinit$$00000027  c_w.l(libinit2.o)
    0x080001a4   0x080001a4   0x00000000   Code   RO         1685    .ARM.Collect$$libinit$$0000002E  c_w.l(libinit2.o)
    0x080001a4   0x080001a4   0x00000000   Code   RO         1687    .ARM.Collect$$libinit$$00000030  c_w.l(libinit2.o)
    0x080001a4   0x080001a4   0x00000000   Code   RO         1689    .ARM.Collect$$libinit$$00000032  c_w.l(libinit2.o)
    0x080001a4   0x080001a4   0x00000000   Code   RO         1691    .ARM.Collect$$libinit$$00000034  c_w.l(libinit2.o)
    0x080001a4   0x080001a4   0x00000002   Code   RO         1692    .ARM.Collect$$libinit$$00000035  c_w.l(libinit2.o)
    0x080001a6   0x080001a6   0x00000002   Code   RO         1714    .ARM.Collect$$libshutdown$$00000000  c_w.l(libshutdown.o)
    0x080001a8   0x080001a8   0x00000000   Code   RO         1729    .ARM.Collect$$libshutdown$$00000002  c_w.l(libshutdown2.o)
    0x080001a8   0x080001a8   0x00000000   Code   RO         1731    .ARM.Collect$$libshutdown$$00000004  c_w.l(libshutdown2.o)
    0x080001a8   0x080001a8   0x00000000   Code   RO         1734    .ARM.Collect$$libshutdown$$00000007  c_w.l(libshutdown2.o)
    0x080001a8   0x080001a8   0x00000000   Code   RO         1737    .ARM.Collect$$libshutdown$$0000000A  c_w.l(libshutdown2.o)
    0x080001a8   0x080001a8   0x00000000   Code   RO         1739    .ARM.Collect$$libshutdown$$0000000C  c_w.l(libshutdown2.o)
    0x080001a8   0x080001a8   0x00000000   Code   RO         1742    .ARM.Collect$$libshutdown$$0000000F  c_w.l(libshutdown2.o)
    0x080001a8   0x080001a8   0x00000002   Code   RO         1743    .ARM.Collect$$libshutdown$$00000010  c_w.l(libshutdown2.o)
    0x080001aa   0x080001aa   0x00000000   Code   RO         1602    .ARM.Collect$$rtentry$$00000000  c_w.l(__rtentry.o)
    0x080001aa   0x080001aa   0x00000000   Code   RO         1615    .ARM.Collect$$rtentry$$00000002  c_w.l(__rtentry2.o)
    0x080001aa   0x080001aa   0x00000006   Code   RO         1627    .ARM.Collect$$rtentry$$00000004  c_w.l(__rtentry4.o)
    0x080001b0   0x080001b0   0x00000000   Code   RO         1617    .ARM.Collect$$rtentry$$00000009  c_w.l(__rtentry2.o)
    0x080001b0   0x080001b0   0x00000004   Code   RO         1618    .ARM.Collect$$rtentry$$0000000A  c_w.l(__rtentry2.o)
    0x080001b4   0x080001b4   0x00000000   Code   RO         1620    .ARM.Collect$$rtentry$$0000000C  c_w.l(__rtentry2.o)
    0x080001b4   0x080001b4   0x00000008   Code   RO         1621    .ARM.Collect$$rtentry$$0000000D  c_w.l(__rtentry2.o)
    0x080001bc   0x080001bc   0x00000002   Code   RO         1644    .ARM.Collect$$rtexit$$00000000  c_w.l(rtexit.o)
    0x080001be   0x080001be   0x00000000   Code   RO         1694    .ARM.Collect$$rtexit$$00000002  c_w.l(rtexit2.o)
    0x080001be   0x080001be   0x00000004   Code   RO         1695    .ARM.Collect$$rtexit$$00000003  c_w.l(rtexit2.o)
    0x080001c2   0x080001c2   0x00000006   Code   RO         1696    .ARM.Collect$$rtexit$$00000004  c_w.l(rtexit2.o)
    0x080001c8   0x080001c8   0x00000040   Code   RO           56    .text               startup_stm32f10x_md.o
    0x08000208   0x08000208   0x00000028   Code   RO         1539    .text               c_w.l(noretval__2sprintf.o)
    0x08000230   0x08000230   0x0000004e   Code   RO         1543    .text               c_w.l(_printf_pad.o)
    0x0800027e   0x0800027e   0x00000052   Code   RO         1545    .text               c_w.l(_printf_str.o)
    0x080002d0   0x080002d0   0x00000078   Code   RO         1547    .text               c_w.l(_printf_dec.o)
    0x08000348   0x08000348   0x00000058   Code   RO         1552    .text               c_w.l(_printf_hex_int.o)
    0x080003a0   0x080003a0   0x00000138   Code   RO         1582    .text               c_w.l(__printf_flags_wp.o)
    0x080004d8   0x080004d8   0x0000008a   Code   RO         1594    .text               c_w.l(rt_memcpy_v6.o)
    0x08000562   0x08000562   0x0000004e   Code   RO         1596    .text               c_w.l(rt_memclr_w.o)
    0x080005b0   0x080005b0   0x00000006   Code   RO         1598    .text               c_w.l(heapauxi.o)
    0x080005b6   0x080005b6   0x000000b2   Code   RO         1603    .text               c_w.l(_printf_intcommon.o)
    0x08000668   0x08000668   0x00000030   Code   RO         1605    .text               c_w.l(_printf_char_common.o)
    0x08000698   0x08000698   0x0000000a   Code   RO         1607    .text               c_w.l(_sputc.o)
    0x080006a2   0x080006a2   0x0000002c   Code   RO         1609    .text               c_w.l(_printf_char.o)
    0x080006ce   0x080006ce   0x00000064   Code   RO         1612    .text               c_w.l(rt_memcpy_w.o)
    0x08000732   0x08000732   0x0000004a   Code   RO         1631    .text               c_w.l(sys_stackheap_outer.o)
    0x0800077c   0x0800077c   0x00000012   Code   RO         1633    .text               c_w.l(exit.o)
    0x0800078e   0x0800078e   0x00000002   PAD
    0x08000790   0x08000790   0x00000008   Code   RO         1641    .text               c_w.l(libspace.o)
    0x08000798   0x08000798   0x0000000c   Code   RO         1704    .text               c_w.l(sys_exit.o)
    0x080007a4   0x080007a4   0x00000002   Code   RO         1719    .text               c_w.l(use_no_semi.o)
    0x080007a6   0x080007a6   0x00000000   Code   RO         1721    .text               c_w.l(indicate_semi.o)
    0x080007a6   0x080007a6   0x00000002   PAD
    0x080007a8   0x080007a8   0x00000002   Code   RO         1517    .text.BusFault_Handler  stm32f10x_it.o
    0x080007aa   0x080007aa   0x00000002   PAD
    0x080007ac   0x080007ac   0x0000000e   Code   RO         1270    .text.Buzzer_Init   buzzer.o
    0x080007ba   0x080007ba   0x00000002   PAD
    0x080007bc   0x080007bc   0x0000002c   Code   RO         1272    .text.Buzzer_OFF    buzzer.o
    0x080007e8   0x080007e8   0x0000006a   Code   RO         1274    .text.Buzzer_ON     buzzer.o
    0x08000852   0x08000852   0x00000002   PAD
    0x08000854   0x08000854   0x00000002   Code   RO         1523    .text.DebugMon_Handler  stm32f10x_it.o
    0x08000856   0x08000856   0x00000002   PAD
    0x08000858   0x08000858   0x0000003e   Code   RO         1200    .text.Delay_ms      delay.o
    0x08000896   0x08000896   0x00000002   PAD
    0x08000898   0x08000898   0x00000024   Code   RO         1198    .text.Delay_us      delay.o
    0x080008bc   0x080008bc   0x00000034   Code   RO         1348    .text.EXTI0_IRQHandler  encoder.o
    0x080008f0   0x080008f0   0x00000034   Code   RO         1350    .text.EXTI1_IRQHandler  encoder.o
    0x08000924   0x08000924   0x0000000c   Code   RO          409    .text.EXTI_ClearITPendingBit  stm32f10x_exti.o
    0x08000930   0x08000930   0x0000001e   Code   RO          407    .text.EXTI_GetITStatus  stm32f10x_exti.o
    0x0800094e   0x0800094e   0x00000002   PAD
    0x08000950   0x08000950   0x000000bc   Code   RO          533    .text.GPIO_Init     stm32f10x_gpio.o
    0x08000a0c   0x08000a0c   0x0000000a   Code   RO          537    .text.GPIO_ReadInputDataBit  stm32f10x_gpio.o
    0x08000a16   0x08000a16   0x00000002   PAD
    0x08000a18   0x08000a18   0x00000004   Code   RO          547    .text.GPIO_ResetBits  stm32f10x_gpio.o
    0x08000a1c   0x08000a1c   0x00000004   Code   RO          545    .text.GPIO_SetBits  stm32f10x_gpio.o
    0x08000a20   0x08000a20   0x0000000c   Code   RO          549    .text.GPIO_WriteBit  stm32f10x_gpio.o
    0x08000a2c   0x08000a2c   0x00000002   Code   RO         1513    .text.HardFault_Handler  stm32f10x_it.o
    0x08000a2e   0x08000a2e   0x00000002   PAD
    0x08000a30   0x08000a30   0x00000002   Code   RO         1515    .text.MemManage_Handler  stm32f10x_it.o
    0x08000a32   0x08000a32   0x00000002   PAD
    0x08000a34   0x08000a34   0x0000009c   Code   RO         1412    .text.My_GPIO_Init  main.o
    0x08000ad0   0x08000ad0   0x00000002   Code   RO         1511    .text.NMI_Handler   stm32f10x_it.o
    0x08000ad2   0x08000ad2   0x00000002   PAD
    0x08000ad4   0x08000ad4   0x00000058   Code   RO         1296    .text.OLED_Clear    oled.o
    0x08000b2c   0x08000b2c   0x00000112   Code   RO         1292    .text.OLED_Init     oled.o
    0x08000c3e   0x08000c3e   0x00000002   PAD
    0x08000c40   0x08000c40   0x0000004a   Code   RO         1294    .text.OLED_Refresh  oled.o
    0x08000c8a   0x08000c8a   0x00000002   PAD
    0x08000c8c   0x08000c8c   0x00000090   Code   RO         1290    .text.OLED_WR_Byte  oled.o
    0x08000d1c   0x08000d1c   0x00000094   Code   RO         1212    .text.PWM_Init_1    pwm.o
    0x08000db0   0x08000db0   0x0000008c   Code   RO         1214    .text.PWM_Init_2    pwm.o
    0x08000e3c   0x08000e3c   0x0000000a   Code   RO         1216    .text.PWM_SetDuty_1  pwm.o
    0x08000e46   0x08000e46   0x00000002   PAD
    0x08000e48   0x08000e48   0x0000000e   Code   RO         1218    .text.PWM_SetDuty_2  pwm.o
    0x08000e56   0x08000e56   0x00000002   PAD
    0x08000e58   0x08000e58   0x0000002a   Code   RO         1220    .text.PWM_SetFreq_1  pwm.o
    0x08000e82   0x08000e82   0x00000002   PAD
    0x08000e84   0x08000e84   0x0000002e   Code   RO         1222    .text.PWM_SetFreq_2  pwm.o
    0x08000eb2   0x08000eb2   0x00000002   PAD
    0x08000eb4   0x08000eb4   0x00000002   Code   RO         1525    .text.PendSV_Handler  stm32f10x_it.o
    0x08000eb6   0x08000eb6   0x00000002   PAD
    0x08000eb8   0x08000eb8   0x00000162   Code   RO         1440    .text.PlaybackTick  main.o
    0x0800101a   0x0800101a   0x00000002   PAD
    0x0800101c   0x0800101c   0x00000018   Code   RO          740    .text.RCC_APB1PeriphClockCmd  stm32f10x_rcc.o
    0x08001034   0x08001034   0x00000018   Code   RO          738    .text.RCC_APB2PeriphClockCmd  stm32f10x_rcc.o
    0x0800104c   0x0800104c   0x00000026   Code   RO          700    .text.RCC_GetFlagStatus  stm32f10x_rcc.o
    0x08001072   0x08001072   0x00000002   PAD
    0x08001074   0x08001074   0x00000014   Code   RO          714    .text.RCC_HCLKConfig  stm32f10x_rcc.o
    0x08001088   0x08001088   0x00000032   Code   RO          696    .text.RCC_HSEConfig  stm32f10x_rcc.o
    0x080010ba   0x080010ba   0x00000002   PAD
    0x080010bc   0x080010bc   0x0000000a   Code   RO          704    .text.RCC_HSICmd    stm32f10x_rcc.o
    0x080010c6   0x080010c6   0x00000002   PAD
    0x080010c8   0x080010c8   0x00000014   Code   RO          716    .text.RCC_PCLK1Config  stm32f10x_rcc.o
    0x080010dc   0x080010dc   0x00000016   Code   RO          718    .text.RCC_PCLK2Config  stm32f10x_rcc.o
    0x080010f2   0x080010f2   0x00000002   PAD
    0x080010f4   0x080010f4   0x0000000a   Code   RO          708    .text.RCC_PLLCmd    stm32f10x_rcc.o
    0x080010fe   0x080010fe   0x00000002   PAD
    0x08001100   0x08001100   0x00000016   Code   RO          706    .text.RCC_PLLConfig  stm32f10x_rcc.o
    0x08001116   0x08001116   0x00000002   PAD
    0x08001118   0x08001118   0x00000014   Code   RO          710    .text.RCC_SYSCLKConfig  stm32f10x_rcc.o
    0x0800112c   0x0800112c   0x00000002   Code   RO         1521    .text.SVC_Handler   stm32f10x_it.o
    0x0800112e   0x0800112e   0x00000002   PAD
    0x08001130   0x08001130   0x00000770   Code   RO         1448    .text.ShowScreen    main.o
    0x080018a0   0x080018a0   0x000002cc   Code   RO         1446    .text.ShowSelScreen  main.o
    0x08001b6c   0x08001b6c   0x00000002   Code   RO         1527    .text.SysTick_Handler  stm32f10x_it.o
    0x08001b6e   0x08001b6e   0x00000002   PAD
    0x08001b70   0x08001b70   0x00000080   Code   RO         1410    .text.SystemClock_Config  main.o
    0x08001bf0   0x08001bf0   0x0000010c   Code   RO           63    .text.SystemInit    system_stm32f10x.o
    0x08001cfc   0x08001cfc   0x00000014   Code   RO         1000    .text.TIM_ARRPreloadConfig  stm32f10x_tim.o
    0x08001d10   0x08001d10   0x00000012   Code   RO          960    .text.TIM_Cmd       stm32f10x_tim.o
    0x08001d22   0x08001d22   0x00000002   PAD
    0x08001d24   0x08001d24   0x00000004   Code   RO          966    .text.TIM_GenerateEvent  stm32f10x_tim.o
    0x08001d28   0x08001d28   0x0000000a   Code   RO          972    .text.TIM_InternalClockConfig  stm32f10x_tim.o
    0x08001d32   0x08001d32   0x00000002   PAD
    0x08001d34   0x08001d34   0x00000070   Code   RO          930    .text.TIM_OC1Init   stm32f10x_tim.o
    0x08001da4   0x08001da4   0x0000000c   Code   RO         1008    .text.TIM_OC1PreloadConfig  stm32f10x_tim.o
    0x08001db0   0x08001db0   0x00000074   Code   RO          932    .text.TIM_OC2Init   stm32f10x_tim.o
    0x08001e24   0x08001e24   0x0000000e   Code   RO         1010    .text.TIM_OC2PreloadConfig  stm32f10x_tim.o
    0x08001e32   0x08001e32   0x00000002   PAD
    0x08001e34   0x08001e34   0x0000000c   Code   RO          954    .text.TIM_OCStructInit  stm32f10x_tim.o
    0x08001e40   0x08001e40   0x00000006   Code   RO          986    .text.TIM_PrescalerConfig  stm32f10x_tim.o
    0x08001e46   0x08001e46   0x00000002   PAD
    0x08001e48   0x08001e48   0x00000004   Code   RO         1070    .text.TIM_SetCompare1  stm32f10x_tim.o
    0x08001e4c   0x08001e4c   0x00000004   Code   RO         1072    .text.TIM_SetCompare2  stm32f10x_tim.o
    0x08001e50   0x08001e50   0x000000aa   Code   RO          928    .text.TIM_TimeBaseInit  stm32f10x_tim.o
    0x08001efa   0x08001efa   0x00000002   PAD
    0x08001efc   0x08001efc   0x00000060   Code   RO         1420    .text.TTP229_ReadKeys  main.o
    0x08001f5c   0x08001f5c   0x00000002   Code   RO         1519    .text.UsageFault_Handler  stm32f10x_it.o
    0x08001f5e   0x08001f5e   0x00000002   PAD
    0x08001f60   0x08001f60   0x0000017c   Code   RO         1454    .text.WS2812_SendBit  main.o
    0x080020dc   0x080020dc   0x0000008c   Code   RO         1442    .text.WS2812_SetBySum  main.o
    0x08002168   0x08002168   0x0000007c   Code   RO         1416    .text.WS2812_ShowColor  main.o
    0x080021e4   0x080021e4   0x00000a64   Code   RO         1408    .text.main          main.o
    0x08002c48   0x08002c48   0x0000000e   Code   RO         1580    i._is_digit         c_w.l(__printf_wp.o)
    0x08002c56   0x08002c56   0x00000028   Data   RO         1553    .constdata          c_w.l(_printf_hex_int.o)
    0x08002c7e   0x08002c7e   0x00000011   Data   RO         1583    .constdata          c_w.l(__printf_flags_wp.o)
    0x08002c8f   0x08002c8f   0x000005f0   Data   RO         1501    .rodata.OLED_F8x16  main.o
    0x0800327f   0x0800327f   0x00000001   PAD
    0x08003280   0x08003280   0x00000022   Data   RO         1488    .rodata.base_freq   main.o
    0x080032a2   0x080032a2   0x00000054   Data   RO         1497    .rodata.demo_song   main.o
    0x080032f6   0x080032f6   0x00000027   Data   RO         1498    .rodata.rgb_table   main.o
    0x0800331d   0x0800331d   0x00000001   PAD
    0x0800331e   0x0800331e   0x00000008   Data   RO         1489    .rodata.scale_ratio  main.o
    0x08003326   0x08003326   0x0000003f   Data   RO         1493    .rodata.str1.1      main.o
    0x08003365   0x08003365   0x00000004   Data   RO         1492    .rodata.tone_buzz_duty  main.o
    0x08003369   0x08003369   0x00000004   Data   RO         1491    .rodata.tone_duty   main.o
    0x0800336d   0x0800336d   0x00000001   PAD
    0x0800336e   0x0800336e   0x00000008   Data   RO         1490    .rodata.tone_ratio  main.o
    0x08003376   0x08003376   0x00000002   PAD
    0x08003378   0x08003378   0x00000020   Data   RO         1777    Region$$Table       anon$$obj.o


    Execution Region RW_IRAM1 (Exec base: 0x20000000, Load base: 0x08003398, Size: 0x00000fd8, Max: 0x00005000, ABSOLUTE)

    Exec Addr    Load Addr    Size         Type   Attr      Idx    E Section Name        Object

    0x20000000   0x08003398   0x00000014   Data   RW         1494    .data.mode_name     main.o
    0x20000014   0x080033ac   0x00000010   Data   RW         1496    .data.scale_name    main.o
    0x20000024   0x080033bc   0x00000010   Data   RW         1495    .data.tone_name     main.o
    0x20000034   0x080033cc   0x00000004   PAD
    0x20000038        -       0x00000060   Zero   RW         1642    .bss                c_w.l(libspace.o)
    0x20000098        -       0x00000001   Zero   RW         1352    .bss.Encoder_Count  encoder.o
    0x20000099   0x080033cc   0x00000003   PAD
    0x2000009c        -       0x00000400   Zero   RW         1330    .bss.OLED_GRAM      oled.o
    0x2000049c        -       0x00000001   Zero   RW         1475    .bss.beat_flag      main.o
    0x2000049d        -       0x00000001   Zero   RW         1474    .bss.beat_flash     main.o
    0x2000049e        -       0x00000002   Zero   RW         1473    .bss.beat_tick      main.o
    0x200004a0        -       0x00000001   Zero   RW         1479    .bss.btn1_cnt       main.o
    0x200004a1        -       0x00000001   Zero   RW         1482    .bss.btn1_deb       main.o
    0x200004a2        -       0x00000001   Zero   RW         1485    .bss.btn1_last      main.o
    0x200004a3        -       0x00000001   Zero   RW         1480    .bss.btn2_cnt       main.o
    0x200004a4        -       0x00000001   Zero   RW         1483    .bss.btn2_deb       main.o
    0x200004a5        -       0x00000001   Zero   RW         1486    .bss.btn2_last      main.o
    0x200004a6        -       0x00000001   Zero   RW         1481    .bss.btn3_cnt       main.o
    0x200004a7        -       0x00000001   Zero   RW         1484    .bss.btn3_deb       main.o
    0x200004a8        -       0x00000001   Zero   RW         1487    .bss.btn3_last      main.o
    0x200004a9   0x080033cc   0x00000001   PAD
    0x200004aa        -       0x00000002   Zero   RW         1471    .bss.cur_freq       main.o
    0x200004ac        -       0x00000001   Zero   RW         1477    .bss.demo_beat_cnt  main.o
    0x200004ad        -       0x00000001   Zero   RW         1478    .bss.demo_gap_cnt   main.o
    0x200004ae        -       0x00000001   Zero   RW         1476    .bss.demo_idx       main.o
    0x200004af        -       0x00000001   Zero   RW         1472    .bss.last_rgb_sum   main.o
    0x200004b0        -       0x00000001   Zero   RW         1499    .bss.main.sel_combo_cnt  main.o
    0x200004b1        -       0x00000001   Zero   RW         1468    .bss.mode           main.o
    0x200004b2        -       0x00000001   Zero   RW         1467    .bss.play_active    main.o
    0x200004b3        -       0x00000001   Zero   RW         1465    .bss.play_idx       main.o
    0x200004b4        -       0x00000001   Zero   RW         1464    .bss.play_ses       main.o
    0x200004b5   0x080033cc   0x00000001   PAD
    0x200004b6        -       0x00000002   Zero   RW         1466    .bss.play_timer     main.o
    0x200004b8        -       0x00000002   Zero   RW         1462    .bss.rec_last_keys  main.o
    0x200004ba        -       0x00000001   Zero   RW         1461    .bss.rec_note_idx   main.o
    0x200004bb        -       0x00000001   Zero   RW         1460    .bss.rec_ses_idx    main.o
    0x200004bc        -       0x00000001   Zero   RW         1470    .bss.scale          main.o
    0x200004bd        -       0x00000001   Zero   RW         1458    .bss.ses_cnt        main.o
    0x200004be        -       0x00000001   Zero   RW         1459    .bss.ses_sel        main.o
    0x200004bf   0x080033cc   0x00000001   PAD
    0x200004c0        -       0x00000514   Zero   RW         1500    .bss.sessions       main.o
    0x200009d4        -       0x00000001   Zero   RW         1469    .bss.tone           main.o
    0x200009d5   0x080033cc   0x00000003   PAD
    0x200009d8        -       0x00000200   Zero   RW           54    HEAP                startup_stm32f10x_md.o
    0x20000bd8        -       0x00000400   Zero   RW           53    STACK               startup_stm32f10x_md.o


==============================================================================

Image component sizes


      Code (inc. data)   RO Data    RW Data    ZI Data      Debug   Object Name

       164          0          0          0          0       5427   buzzer.o
        98          0          0          0          0       1471   delay.o
       104          0          0          0          1       4405   encoder.o
      6658        176       1764         52       1334      27596   main.o
       580          0          0          0       1024       7677   oled.o
       400          0          0          0          0       3953   pwm.o
        64         26        236          0       1536        792   startup_stm32f10x_md.o
        42          0          0          0          0       2710   stm32f10x_exti.o
       218          0          0          0          0       5809   stm32f10x_gpio.o
        18          0          0          0          0        981   stm32f10x_it.o
       260          0          0          0          0       8191   stm32f10x_rcc.o
       502          0          0          0          0      29673   stm32f10x_tim.o
       268          0          0          0          0       2534   system_stm32f10x.o

    ----------------------------------------------------------------------
      9440        202       2037         52       3908     101219   Object Totals
         0          0         32          0          0          0   (incl. Generated)
        64          0          5          0         13          0   (incl. Padding)

    ----------------------------------------------------------------------

      Code (inc. data)   RO Data    RW Data    ZI Data      Debug   Library Member Name

         8          0          0          0          0         68   __main.o
       312          4         17          0          0         92   __printf_flags_wp.o
        14          0          0          0          0         68   __printf_wp.o
         0          0          0          0          0          0   __rtentry.o
        12          0          0          0          0          0   __rtentry2.o
         6          0          0          0          0          0   __rtentry4.o
        94          8          0          0          0          0   __scatter.o
        26          0          0          0          0          0   __scatter_copy.o
        28          0          0          0          0          0   __scatter_zi.o
        44          0          0          0          0        108   _printf_char.o
        48          6          0          0          0         96   _printf_char_common.o
         6          0          0          0          0          0   _printf_d.o
       120         16          0          0          0         92   _printf_dec.o
        88          4         40          0          0         88   _printf_hex_int.o
       178          0          0          0          0         88   _printf_intcommon.o
        78          0          0          0          0        108   _printf_pad.o
         0          0          0          0          0          0   _printf_percent.o
         4          0          0          0          0          0   _printf_percent_end.o
         6          0          0          0          0          0   _printf_s.o
        82          0          0          0          0         80   _printf_str.o
         6          0          0          0          0          0   _printf_x.o
        10          0          0          0          0         68   _sputc.o
        18          0          0          0          0         80   exit.o
         6          0          0          0          0        152   heapauxi.o
         0          0          0          0          0          0   indicate_semi.o
         2          0          0          0          0          0   libinit.o
         2          0          0          0          0          0   libinit2.o
         2          0          0          0          0          0   libshutdown.o
         2          0          0          0          0          0   libshutdown2.o
         8          4          0          0         96         68   libspace.o
        40          6          0          0          0         84   noretval__2sprintf.o
        78          0          0          0          0         80   rt_memclr_w.o
       138          0          0          0          0         68   rt_memcpy_v6.o
       100          0          0          0          0         80   rt_memcpy_w.o
         2          0          0          0          0          0   rtexit.o
        10          0          0          0          0          0   rtexit2.o
        12          4          0          0          0         68   sys_exit.o
        74          0          0          0          0         80   sys_stackheap_outer.o
         2          0          0          0          0         68   use_no_semi.o

    ----------------------------------------------------------------------
      1674         52         57          0         96       1784   Library Totals
         8          0          0          0          0          0   (incl. Padding)

    ----------------------------------------------------------------------

      Code (inc. data)   RO Data    RW Data    ZI Data      Debug   Library Name

      1666         52         57          0         96       1784   c_w.l

    ----------------------------------------------------------------------
      1674         52         57          0         96       1784   Library Totals

    ----------------------------------------------------------------------

==============================================================================


      Code (inc. data)   RO Data    RW Data    ZI Data      Debug   

     11114        254       2094         52       4004     102015   Grand Totals
     11114        254       2094         52       4004     102015   ELF Image Totals
     11114        254       2094         52          0          0   ROM Totals

==============================================================================

    Total RO  Size (Code + RO Data)                13208 (  12.90kB)
    Total RW  Size (RW Data + ZI Data)              4056 (   3.96kB)
    Total ROM Size (Code + RO Data + RW Data)      13260 (  12.95kB)

==============================================================================

